

================================================================
== Vitis HLS Report for 'dense_wrapper_ap_fixed_16_6_5_3_0_ap_fixed_16_6_5_3_0_config18_s'
================================================================
* Date:           Mon Aug  7 16:46:35 2023

* Version:        2023.1 (Build 3854077 on May  4 2023)
* Project:        processapa
* Solution:       solution1 (Vitis Kernel Flow Target)
* Product family: virtexuplus
* Target device:  xcvu11p-flga2577-1-e


================================================================
== Performance Estimates
================================================================
+ Timing: 
    * Summary: 
    +--------+----------+----------+------------+
    |  Clock |  Target  | Estimated| Uncertainty|
    +--------+----------+----------+------------+
    |ap_clk  |  10.00 ns|  4.834 ns|     2.70 ns|
    +--------+----------+----------+------------+

+ Latency: 
    * Summary: 
    +---------+---------+-----------+-----------+-----+-----+------------------------------------------+
    |  Latency (cycles) |   Latency (absolute)  |  Interval |                 Pipeline                 |
    |   min   |   max   |    min    |    max    | min | max |                   Type                   |
    +---------+---------+-----------+-----------+-----+-----+------------------------------------------+
    |        8|        9|  80.000 ns|  90.000 ns|    8|    8|  loop rewind stp(delay=0 clock cycles(s))|
    +---------+---------+-----------+-----------+-----+-----+------------------------------------------+

    + Detail: 
        * Instance: 
        N/A

        * Loop: 
        +-------------+---------+---------+----------+-----------+-----------+------+----------+
        |             |  Latency (cycles) | Iteration|  Initiation Interval  | Trip |          |
        |  Loop Name  |   min   |   max   |  Latency |  achieved |   target  | Count| Pipelined|
        +-------------+---------+---------+----------+-----------+-----------+------+----------+
        |- ReuseLoop  |        8|        8|         2|          1|          1|     8|       yes|
        +-------------+---------+---------+----------+-----------+-----------+------+----------+

============================================================
+ Verbose Summary: Synthesis Manager
============================================================
InlineROM: 1
ExposeGlobal: 0
============================================================
+ Verbose Summary: CDFG Model
============================================================
IsTopModel: 0
ResetActiveHigh: 1
IsCombinational: 0
IsDatapathOnly: 0
HasWiredReturn: 1
HasMFsm: 2
HasVarLatency: 1
IsPipeline: 0
IsRtlPipelined: 0
IsInstanceOverlapped: 0
IsDontTouch: 0
HasImplIP: 0
IsGatedGlobalClock: 0

+ Individual pipeline summary: 
  * Pipeline-0: initiation interval (II) = 1, depth = 2


============================================================
+ Verbose Summary: Schedule
============================================================
* Number of FSM states : 3
* Pipeline : 1
  Pipeline-0 : II = 1, D = 2, States = { 2 3 }
* Dataflow Pipeline: 0

* FSM state transitions: 
1 --> 2 
2 --> 3 
3 --> 2 

* FSM state operations: 

State 1 <SV = 0> <Delay = 0.46>
ST_1 : Operation 4 [1/1] (0.00ns)   --->   "%rbegin = specregionbegin i32 @_ssdm_op_SpecRegionBegin, void @nnet_KD_KD_dense_resource_MD_ap_fixed_MD_16_MC_AC_6_MC_AC_IC_ap_q_mode_JC_5_s" [./nnet_utils/nnet_dense_stream.h:21]   --->   Operation 4 'specregionbegin' 'rbegin' <Predicate = true> <Delay = 0.00>
ST_1 : Operation 5 [1/1] (0.46ns)   --->   "%br_ln43 = br void %rewind_header" [./nnet_utils/nnet_dense_resource.h:43->./nnet_utils/nnet_dense_resource.h:253->./nnet_utils/nnet_dense_stream.h:21]   --->   Operation 5 'br' 'br_ln43' <Predicate = true> <Delay = 0.46>

State 2 <SV = 1> <Delay = 0.73>
ST_2 : Operation 6 [1/1] (0.00ns)   --->   "%do_init = phi i1 1, void %nnet::dense_resource<ap_fixed<16, 6, (ap_q_mode)5, (ap_o_mode)3, 0>, ap_fixed<16, 6, (ap_q_mode)5, (ap_o_mode)3, 0>, config18>.region_begin, i1 0, void %for.body13.split.i.i, i1 1, void %nnet::dense_resource<ap_fixed<16, 6, (ap_q_mode)5, (ap_o_mode)3, 0>, ap_fixed<16, 6, (ap_q_mode)5, (ap_o_mode)3, 0>, config18>.region_end"   --->   Operation 6 'phi' 'do_init' <Predicate = true> <Delay = 0.00>
ST_2 : Operation 7 [1/1] (0.00ns)   --->   "%w_index3 = phi i3 0, void %nnet::dense_resource<ap_fixed<16, 6, (ap_q_mode)5, (ap_o_mode)3, 0>, ap_fixed<16, 6, (ap_q_mode)5, (ap_o_mode)3, 0>, config18>.region_begin, i3 %w_index, void %for.body13.split.i.i, i3 0, void %nnet::dense_resource<ap_fixed<16, 6, (ap_q_mode)5, (ap_o_mode)3, 0>, ap_fixed<16, 6, (ap_q_mode)5, (ap_o_mode)3, 0>, config18>.region_end"   --->   Operation 7 'phi' 'w_index3' <Predicate = true> <Delay = 0.00>
ST_2 : Operation 8 [1/1] (0.00ns)   --->   "%data_7_val8_read = read i16 @_ssdm_op_Read.ap_auto.i16, i16 %data_7_val8" [./nnet_utils/nnet_dense_resource.h:43->./nnet_utils/nnet_dense_resource.h:253->./nnet_utils/nnet_dense_stream.h:21]   --->   Operation 8 'read' 'data_7_val8_read' <Predicate = (do_init)> <Delay = 0.00>
ST_2 : Operation 9 [1/1] (0.00ns)   --->   "%data_6_val7_read = read i16 @_ssdm_op_Read.ap_auto.i16, i16 %data_6_val7" [./nnet_utils/nnet_dense_resource.h:43->./nnet_utils/nnet_dense_resource.h:253->./nnet_utils/nnet_dense_stream.h:21]   --->   Operation 9 'read' 'data_6_val7_read' <Predicate = (do_init)> <Delay = 0.00>
ST_2 : Operation 10 [1/1] (0.00ns)   --->   "%data_5_val6_read = read i16 @_ssdm_op_Read.ap_auto.i16, i16 %data_5_val6" [./nnet_utils/nnet_dense_resource.h:43->./nnet_utils/nnet_dense_resource.h:253->./nnet_utils/nnet_dense_stream.h:21]   --->   Operation 10 'read' 'data_5_val6_read' <Predicate = (do_init)> <Delay = 0.00>
ST_2 : Operation 11 [1/1] (0.00ns)   --->   "%data_4_val5_read = read i16 @_ssdm_op_Read.ap_auto.i16, i16 %data_4_val5" [./nnet_utils/nnet_dense_resource.h:43->./nnet_utils/nnet_dense_resource.h:253->./nnet_utils/nnet_dense_stream.h:21]   --->   Operation 11 'read' 'data_4_val5_read' <Predicate = (do_init)> <Delay = 0.00>
ST_2 : Operation 12 [1/1] (0.00ns)   --->   "%data_3_val4_read = read i16 @_ssdm_op_Read.ap_auto.i16, i16 %data_3_val4" [./nnet_utils/nnet_dense_resource.h:43->./nnet_utils/nnet_dense_resource.h:253->./nnet_utils/nnet_dense_stream.h:21]   --->   Operation 12 'read' 'data_3_val4_read' <Predicate = (do_init)> <Delay = 0.00>
ST_2 : Operation 13 [1/1] (0.00ns)   --->   "%data_2_val3_read = read i16 @_ssdm_op_Read.ap_auto.i16, i16 %data_2_val3" [./nnet_utils/nnet_dense_resource.h:43->./nnet_utils/nnet_dense_resource.h:253->./nnet_utils/nnet_dense_stream.h:21]   --->   Operation 13 'read' 'data_2_val3_read' <Predicate = (do_init)> <Delay = 0.00>
ST_2 : Operation 14 [1/1] (0.00ns)   --->   "%data_1_val2_read = read i16 @_ssdm_op_Read.ap_auto.i16, i16 %data_1_val2" [./nnet_utils/nnet_dense_resource.h:43->./nnet_utils/nnet_dense_resource.h:253->./nnet_utils/nnet_dense_stream.h:21]   --->   Operation 14 'read' 'data_1_val2_read' <Predicate = (do_init)> <Delay = 0.00>
ST_2 : Operation 15 [1/1] (0.00ns)   --->   "%data_0_val1_read = read i16 @_ssdm_op_Read.ap_auto.i16, i16 %data_0_val1" [./nnet_utils/nnet_dense_resource.h:43->./nnet_utils/nnet_dense_resource.h:253->./nnet_utils/nnet_dense_stream.h:21]   --->   Operation 15 'read' 'data_0_val1_read' <Predicate = (do_init)> <Delay = 0.00>
ST_2 : Operation 16 [1/1] (0.46ns)   --->   "%br_ln43 = br void %for.body13.split.i.i" [./nnet_utils/nnet_dense_resource.h:43->./nnet_utils/nnet_dense_resource.h:253->./nnet_utils/nnet_dense_stream.h:21]   --->   Operation 16 'br' 'br_ln43' <Predicate = (do_init)> <Delay = 0.46>
ST_2 : Operation 17 [1/1] (0.00ns)   --->   "%zext_ln43 = zext i3 %w_index3" [./nnet_utils/nnet_dense_resource.h:43->./nnet_utils/nnet_dense_resource.h:253->./nnet_utils/nnet_dense_stream.h:21]   --->   Operation 17 'zext' 'zext_ln43' <Predicate = true> <Delay = 0.00>
ST_2 : Operation 18 [1/1] (0.00ns)   --->   "%w18_addr = getelementptr i43 %w18, i64 0, i64 %zext_ln43" [./nnet_utils/nnet_dense_resource.h:56->./nnet_utils/nnet_dense_resource.h:253->./nnet_utils/nnet_dense_stream.h:21]   --->   Operation 18 'getelementptr' 'w18_addr' <Predicate = true> <Delay = 0.00>
ST_2 : Operation 19 [2/2] (0.73ns)   --->   "%w18_load = load i3 %w18_addr" [./nnet_utils/nnet_dense_resource.h:56->./nnet_utils/nnet_dense_resource.h:253->./nnet_utils/nnet_dense_stream.h:21]   --->   Operation 19 'load' 'w18_load' <Predicate = true> <Delay = 0.73> <CoreInst = "ROM">   --->   Core 101 'ROM' <Latency = 1> <II = 1> <Delay = 0.73> <Storage> <Opcode : 'load'> <Ports = 0> <Width = 43> <Depth = 8> <ROM>
ST_2 : Operation 20 [1/1] (0.71ns)   --->   "%w_index = add i3 %w_index3, i3 1" [./nnet_utils/nnet_dense_resource.h:43->./nnet_utils/nnet_dense_resource.h:253->./nnet_utils/nnet_dense_stream.h:21]   --->   Operation 20 'add' 'w_index' <Predicate = true> <Delay = 0.71> <CoreInst = "Adder">   --->   Core 1 'Adder' <Latency = 0> <II = 1> <Delay = 0.71> <FuncUnit> <Opcode : 'add' 'sub'> <InPorts = 2> <OutPorts = 1>
ST_2 : Operation 21 [1/1] (0.71ns)   --->   "%icmp_ln43 = icmp_eq  i3 %w_index3, i3 7" [./nnet_utils/nnet_dense_resource.h:43->./nnet_utils/nnet_dense_resource.h:253->./nnet_utils/nnet_dense_stream.h:21]   --->   Operation 21 'icmp' 'icmp_ln43' <Predicate = true> <Delay = 0.71> <CoreInst = "Cmp">   --->   Core 9 'Cmp' <Latency = 0> <II = 1> <Delay = 0.71> <FuncUnit> <Opcode : 'icmp'> <InPorts = 2> <OutPorts = 1>
ST_2 : Operation 22 [1/1] (0.00ns)   --->   "%br_ln43 = br i1 %icmp_ln43, void %rewind_header, void %nnet::dense_resource<ap_fixed<16, 6, (ap_q_mode)5, (ap_o_mode)3, 0>, ap_fixed<16, 6, (ap_q_mode)5, (ap_o_mode)3, 0>, config18>.region_end" [./nnet_utils/nnet_dense_resource.h:43->./nnet_utils/nnet_dense_resource.h:253->./nnet_utils/nnet_dense_stream.h:21]   --->   Operation 22 'br' 'br_ln43' <Predicate = true> <Delay = 0.00>
ST_2 : Operation 23 [1/1] (0.00ns)   --->   "%br_ln23 = br void %rewind_header" [./nnet_utils/nnet_dense_stream.h:23]   --->   Operation 23 'br' 'br_ln23' <Predicate = (icmp_ln43)> <Delay = 0.00>

State 3 <SV = 2> <Delay = 4.83>
ST_3 : Operation 24 [1/1] (0.00ns)   --->   "%data_0_val113_rewind = phi i16 0, void %nnet::dense_resource<ap_fixed<16, 6, (ap_q_mode)5, (ap_o_mode)3, 0>, ap_fixed<16, 6, (ap_q_mode)5, (ap_o_mode)3, 0>, config18>.region_begin, i16 %data_0_val113_phi, void %for.body13.split.i.i, i16 0, void %nnet::dense_resource<ap_fixed<16, 6, (ap_q_mode)5, (ap_o_mode)3, 0>, ap_fixed<16, 6, (ap_q_mode)5, (ap_o_mode)3, 0>, config18>.region_end" [./nnet_utils/nnet_dense_resource.h:43->./nnet_utils/nnet_dense_resource.h:253->./nnet_utils/nnet_dense_stream.h:21]   --->   Operation 24 'phi' 'data_0_val113_rewind' <Predicate = true> <Delay = 0.00>
ST_3 : Operation 25 [1/1] (0.00ns)   --->   "%data_1_val214_rewind = phi i16 0, void %nnet::dense_resource<ap_fixed<16, 6, (ap_q_mode)5, (ap_o_mode)3, 0>, ap_fixed<16, 6, (ap_q_mode)5, (ap_o_mode)3, 0>, config18>.region_begin, i16 %data_1_val214_phi, void %for.body13.split.i.i, i16 0, void %nnet::dense_resource<ap_fixed<16, 6, (ap_q_mode)5, (ap_o_mode)3, 0>, ap_fixed<16, 6, (ap_q_mode)5, (ap_o_mode)3, 0>, config18>.region_end" [./nnet_utils/nnet_dense_resource.h:43->./nnet_utils/nnet_dense_resource.h:253->./nnet_utils/nnet_dense_stream.h:21]   --->   Operation 25 'phi' 'data_1_val214_rewind' <Predicate = true> <Delay = 0.00>
ST_3 : Operation 26 [1/1] (0.00ns)   --->   "%data_2_val315_rewind = phi i16 0, void %nnet::dense_resource<ap_fixed<16, 6, (ap_q_mode)5, (ap_o_mode)3, 0>, ap_fixed<16, 6, (ap_q_mode)5, (ap_o_mode)3, 0>, config18>.region_begin, i16 %data_2_val315_phi, void %for.body13.split.i.i, i16 0, void %nnet::dense_resource<ap_fixed<16, 6, (ap_q_mode)5, (ap_o_mode)3, 0>, ap_fixed<16, 6, (ap_q_mode)5, (ap_o_mode)3, 0>, config18>.region_end" [./nnet_utils/nnet_dense_resource.h:43->./nnet_utils/nnet_dense_resource.h:253->./nnet_utils/nnet_dense_stream.h:21]   --->   Operation 26 'phi' 'data_2_val315_rewind' <Predicate = true> <Delay = 0.00>
ST_3 : Operation 27 [1/1] (0.00ns)   --->   "%data_3_val416_rewind = phi i16 0, void %nnet::dense_resource<ap_fixed<16, 6, (ap_q_mode)5, (ap_o_mode)3, 0>, ap_fixed<16, 6, (ap_q_mode)5, (ap_o_mode)3, 0>, config18>.region_begin, i16 %data_3_val416_phi, void %for.body13.split.i.i, i16 0, void %nnet::dense_resource<ap_fixed<16, 6, (ap_q_mode)5, (ap_o_mode)3, 0>, ap_fixed<16, 6, (ap_q_mode)5, (ap_o_mode)3, 0>, config18>.region_end" [./nnet_utils/nnet_dense_resource.h:43->./nnet_utils/nnet_dense_resource.h:253->./nnet_utils/nnet_dense_stream.h:21]   --->   Operation 27 'phi' 'data_3_val416_rewind' <Predicate = true> <Delay = 0.00>
ST_3 : Operation 28 [1/1] (0.00ns)   --->   "%data_4_val517_rewind = phi i16 0, void %nnet::dense_resource<ap_fixed<16, 6, (ap_q_mode)5, (ap_o_mode)3, 0>, ap_fixed<16, 6, (ap_q_mode)5, (ap_o_mode)3, 0>, config18>.region_begin, i16 %data_4_val517_phi, void %for.body13.split.i.i, i16 0, void %nnet::dense_resource<ap_fixed<16, 6, (ap_q_mode)5, (ap_o_mode)3, 0>, ap_fixed<16, 6, (ap_q_mode)5, (ap_o_mode)3, 0>, config18>.region_end" [./nnet_utils/nnet_dense_resource.h:43->./nnet_utils/nnet_dense_resource.h:253->./nnet_utils/nnet_dense_stream.h:21]   --->   Operation 28 'phi' 'data_4_val517_rewind' <Predicate = true> <Delay = 0.00>
ST_3 : Operation 29 [1/1] (0.00ns)   --->   "%data_5_val618_rewind = phi i16 0, void %nnet::dense_resource<ap_fixed<16, 6, (ap_q_mode)5, (ap_o_mode)3, 0>, ap_fixed<16, 6, (ap_q_mode)5, (ap_o_mode)3, 0>, config18>.region_begin, i16 %data_5_val618_phi, void %for.body13.split.i.i, i16 0, void %nnet::dense_resource<ap_fixed<16, 6, (ap_q_mode)5, (ap_o_mode)3, 0>, ap_fixed<16, 6, (ap_q_mode)5, (ap_o_mode)3, 0>, config18>.region_end" [./nnet_utils/nnet_dense_resource.h:43->./nnet_utils/nnet_dense_resource.h:253->./nnet_utils/nnet_dense_stream.h:21]   --->   Operation 29 'phi' 'data_5_val618_rewind' <Predicate = true> <Delay = 0.00>
ST_3 : Operation 30 [1/1] (0.00ns)   --->   "%data_6_val719_rewind = phi i16 0, void %nnet::dense_resource<ap_fixed<16, 6, (ap_q_mode)5, (ap_o_mode)3, 0>, ap_fixed<16, 6, (ap_q_mode)5, (ap_o_mode)3, 0>, config18>.region_begin, i16 %data_6_val719_phi, void %for.body13.split.i.i, i16 0, void %nnet::dense_resource<ap_fixed<16, 6, (ap_q_mode)5, (ap_o_mode)3, 0>, ap_fixed<16, 6, (ap_q_mode)5, (ap_o_mode)3, 0>, config18>.region_end" [./nnet_utils/nnet_dense_resource.h:43->./nnet_utils/nnet_dense_resource.h:253->./nnet_utils/nnet_dense_stream.h:21]   --->   Operation 30 'phi' 'data_6_val719_rewind' <Predicate = true> <Delay = 0.00>
ST_3 : Operation 31 [1/1] (0.00ns)   --->   "%data_7_val820_rewind = phi i16 0, void %nnet::dense_resource<ap_fixed<16, 6, (ap_q_mode)5, (ap_o_mode)3, 0>, ap_fixed<16, 6, (ap_q_mode)5, (ap_o_mode)3, 0>, config18>.region_begin, i16 %data_7_val820_phi, void %for.body13.split.i.i, i16 0, void %nnet::dense_resource<ap_fixed<16, 6, (ap_q_mode)5, (ap_o_mode)3, 0>, ap_fixed<16, 6, (ap_q_mode)5, (ap_o_mode)3, 0>, config18>.region_end" [./nnet_utils/nnet_dense_resource.h:43->./nnet_utils/nnet_dense_resource.h:253->./nnet_utils/nnet_dense_stream.h:21]   --->   Operation 31 'phi' 'data_7_val820_rewind' <Predicate = true> <Delay = 0.00>
ST_3 : Operation 32 [1/1] (0.00ns)   --->   "%res_0_08 = phi i16 65509, void %nnet::dense_resource<ap_fixed<16, 6, (ap_q_mode)5, (ap_o_mode)3, 0>, ap_fixed<16, 6, (ap_q_mode)5, (ap_o_mode)3, 0>, config18>.region_begin, i16 %add_ln55, void %for.body13.split.i.i, i16 65509, void %nnet::dense_resource<ap_fixed<16, 6, (ap_q_mode)5, (ap_o_mode)3, 0>, ap_fixed<16, 6, (ap_q_mode)5, (ap_o_mode)3, 0>, config18>.region_end" [./nnet_utils/nnet_dense_resource.h:55->./nnet_utils/nnet_dense_resource.h:253->./nnet_utils/nnet_dense_stream.h:21]   --->   Operation 32 'phi' 'res_0_08' <Predicate = true> <Delay = 0.00>
ST_3 : Operation 33 [1/1] (0.00ns)   --->   "%res_1_06 = phi i16 65511, void %nnet::dense_resource<ap_fixed<16, 6, (ap_q_mode)5, (ap_o_mode)3, 0>, ap_fixed<16, 6, (ap_q_mode)5, (ap_o_mode)3, 0>, config18>.region_begin, i16 %add_ln55_1, void %for.body13.split.i.i, i16 65511, void %nnet::dense_resource<ap_fixed<16, 6, (ap_q_mode)5, (ap_o_mode)3, 0>, ap_fixed<16, 6, (ap_q_mode)5, (ap_o_mode)3, 0>, config18>.region_end" [./nnet_utils/nnet_dense_resource.h:55->./nnet_utils/nnet_dense_resource.h:253->./nnet_utils/nnet_dense_stream.h:21]   --->   Operation 33 'phi' 'res_1_06' <Predicate = true> <Delay = 0.00>
ST_3 : Operation 34 [1/1] (0.00ns)   --->   "%res_2_04 = phi i16 27, void %nnet::dense_resource<ap_fixed<16, 6, (ap_q_mode)5, (ap_o_mode)3, 0>, ap_fixed<16, 6, (ap_q_mode)5, (ap_o_mode)3, 0>, config18>.region_begin, i16 %add_ln55_2, void %for.body13.split.i.i, i16 27, void %nnet::dense_resource<ap_fixed<16, 6, (ap_q_mode)5, (ap_o_mode)3, 0>, ap_fixed<16, 6, (ap_q_mode)5, (ap_o_mode)3, 0>, config18>.region_end" [./nnet_utils/nnet_dense_resource.h:55->./nnet_utils/nnet_dense_resource.h:253->./nnet_utils/nnet_dense_stream.h:21]   --->   Operation 34 'phi' 'res_2_04' <Predicate = true> <Delay = 0.00>
ST_3 : Operation 35 [1/1] (0.46ns)   --->   "%br_ln0 = br i1 %do_init, void %for.body13.split.i.i, void %rewind_init"   --->   Operation 35 'br' 'br_ln0' <Predicate = true> <Delay = 0.46>
ST_3 : Operation 36 [1/1] (0.00ns)   --->   "%data_0_val113_phi = phi i16 %data_0_val1_read, void %rewind_init, i16 %data_0_val113_rewind, void %rewind_header" [./nnet_utils/nnet_dense_resource.h:43->./nnet_utils/nnet_dense_resource.h:253->./nnet_utils/nnet_dense_stream.h:21]   --->   Operation 36 'phi' 'data_0_val113_phi' <Predicate = true> <Delay = 0.00>
ST_3 : Operation 37 [1/1] (0.00ns)   --->   "%data_1_val214_phi = phi i16 %data_1_val2_read, void %rewind_init, i16 %data_1_val214_rewind, void %rewind_header" [./nnet_utils/nnet_dense_resource.h:43->./nnet_utils/nnet_dense_resource.h:253->./nnet_utils/nnet_dense_stream.h:21]   --->   Operation 37 'phi' 'data_1_val214_phi' <Predicate = true> <Delay = 0.00>
ST_3 : Operation 38 [1/1] (0.00ns)   --->   "%data_2_val315_phi = phi i16 %data_2_val3_read, void %rewind_init, i16 %data_2_val315_rewind, void %rewind_header" [./nnet_utils/nnet_dense_resource.h:43->./nnet_utils/nnet_dense_resource.h:253->./nnet_utils/nnet_dense_stream.h:21]   --->   Operation 38 'phi' 'data_2_val315_phi' <Predicate = true> <Delay = 0.00>
ST_3 : Operation 39 [1/1] (0.00ns)   --->   "%data_3_val416_phi = phi i16 %data_3_val4_read, void %rewind_init, i16 %data_3_val416_rewind, void %rewind_header" [./nnet_utils/nnet_dense_resource.h:43->./nnet_utils/nnet_dense_resource.h:253->./nnet_utils/nnet_dense_stream.h:21]   --->   Operation 39 'phi' 'data_3_val416_phi' <Predicate = true> <Delay = 0.00>
ST_3 : Operation 40 [1/1] (0.00ns)   --->   "%data_4_val517_phi = phi i16 %data_4_val5_read, void %rewind_init, i16 %data_4_val517_rewind, void %rewind_header" [./nnet_utils/nnet_dense_resource.h:43->./nnet_utils/nnet_dense_resource.h:253->./nnet_utils/nnet_dense_stream.h:21]   --->   Operation 40 'phi' 'data_4_val517_phi' <Predicate = true> <Delay = 0.00>
ST_3 : Operation 41 [1/1] (0.00ns)   --->   "%data_5_val618_phi = phi i16 %data_5_val6_read, void %rewind_init, i16 %data_5_val618_rewind, void %rewind_header" [./nnet_utils/nnet_dense_resource.h:43->./nnet_utils/nnet_dense_resource.h:253->./nnet_utils/nnet_dense_stream.h:21]   --->   Operation 41 'phi' 'data_5_val618_phi' <Predicate = true> <Delay = 0.00>
ST_3 : Operation 42 [1/1] (0.00ns)   --->   "%data_6_val719_phi = phi i16 %data_6_val7_read, void %rewind_init, i16 %data_6_val719_rewind, void %rewind_header" [./nnet_utils/nnet_dense_resource.h:43->./nnet_utils/nnet_dense_resource.h:253->./nnet_utils/nnet_dense_stream.h:21]   --->   Operation 42 'phi' 'data_6_val719_phi' <Predicate = true> <Delay = 0.00>
ST_3 : Operation 43 [1/1] (0.00ns)   --->   "%data_7_val820_phi = phi i16 %data_7_val8_read, void %rewind_init, i16 %data_7_val820_rewind, void %rewind_header" [./nnet_utils/nnet_dense_resource.h:43->./nnet_utils/nnet_dense_resource.h:253->./nnet_utils/nnet_dense_stream.h:21]   --->   Operation 43 'phi' 'data_7_val820_phi' <Predicate = true> <Delay = 0.00>
ST_3 : Operation 44 [1/1] (0.00ns)   --->   "%specpipeline_ln44 = specpipeline void @_ssdm_op_SpecPipeline, i32 1, i32 0, i32 0, i32 0, void @empty_8" [./nnet_utils/nnet_dense_resource.h:44->./nnet_utils/nnet_dense_resource.h:253->./nnet_utils/nnet_dense_stream.h:21]   --->   Operation 44 'specpipeline' 'specpipeline_ln44' <Predicate = true> <Delay = 0.00>
ST_3 : Operation 45 [1/1] (0.00ns)   --->   "%speclooptripcount_ln46 = speclooptripcount void @_ssdm_op_SpecLoopTripCount, i64 8, i64 8, i64 8" [./nnet_utils/nnet_dense_resource.h:46->./nnet_utils/nnet_dense_resource.h:253->./nnet_utils/nnet_dense_stream.h:21]   --->   Operation 45 'speclooptripcount' 'speclooptripcount_ln46' <Predicate = true> <Delay = 0.00>
ST_3 : Operation 46 [1/1] (0.00ns)   --->   "%specloopname_ln43 = specloopname void @_ssdm_op_SpecLoopName, void @empty_32" [./nnet_utils/nnet_dense_resource.h:43->./nnet_utils/nnet_dense_resource.h:253->./nnet_utils/nnet_dense_stream.h:21]   --->   Operation 46 'specloopname' 'specloopname_ln43' <Predicate = true> <Delay = 0.00>
ST_3 : Operation 47 [1/1] (0.71ns)   --->   "%a = mux i16 @_ssdm_op_Mux.ap_auto.8i16.i3, i16 %data_0_val113_phi, i16 %data_1_val214_phi, i16 %data_2_val315_phi, i16 %data_3_val416_phi, i16 %data_4_val517_phi, i16 %data_5_val618_phi, i16 %data_6_val719_phi, i16 %data_7_val820_phi, i3 %w_index3" [./nnet_utils/nnet_dense_resource.h:43->./nnet_utils/nnet_dense_resource.h:253->./nnet_utils/nnet_dense_stream.h:21]   --->   Operation 47 'mux' 'a' <Predicate = true> <Delay = 0.71> <CoreInst = "Multiplexer">   --->   Core 76 'Multiplexer' <Latency = 0> <II = 1> <Delay = 0.71> <FuncUnit> <Opcode : 'mux'> <InPorts = 2> <OutPorts = 1>
ST_3 : Operation 48 [1/2] (0.73ns)   --->   "%w18_load = load i3 %w18_addr" [./nnet_utils/nnet_dense_resource.h:56->./nnet_utils/nnet_dense_resource.h:253->./nnet_utils/nnet_dense_stream.h:21]   --->   Operation 48 'load' 'w18_load' <Predicate = true> <Delay = 0.73> <CoreInst = "ROM">   --->   Core 101 'ROM' <Latency = 1> <II = 1> <Delay = 0.73> <Storage> <Opcode : 'load'> <Ports = 0> <Width = 43> <Depth = 8> <ROM>
ST_3 : Operation 49 [1/1] (0.00ns)   --->   "%w = trunc i43 %w18_load" [./nnet_utils/nnet_dense_resource.h:56->./nnet_utils/nnet_dense_resource.h:253->./nnet_utils/nnet_dense_stream.h:21]   --->   Operation 49 'trunc' 'w' <Predicate = true> <Delay = 0.00>
ST_3 : Operation 50 [1/1] (0.00ns)   --->   "%sext_ln73 = sext i16 %w" [./nnet_utils/nnet_mult.h:73->./nnet_utils/nnet_dense_resource.h:56->./nnet_utils/nnet_dense_resource.h:253->./nnet_utils/nnet_dense_stream.h:21]   --->   Operation 50 'sext' 'sext_ln73' <Predicate = true> <Delay = 0.00>
ST_3 : Operation 51 [1/1] (0.00ns)   --->   "%sext_ln73_1 = sext i16 %a" [./nnet_utils/nnet_mult.h:73->./nnet_utils/nnet_dense_resource.h:56->./nnet_utils/nnet_dense_resource.h:253->./nnet_utils/nnet_dense_stream.h:21]   --->   Operation 51 'sext' 'sext_ln73_1' <Predicate = true> <Delay = 0.00>
ST_3 : Operation 52 [1/1] (2.54ns)   --->   "%mul_ln55 = mul i26 %sext_ln73, i26 %sext_ln73_1" [./nnet_utils/nnet_dense_resource.h:55->./nnet_utils/nnet_dense_resource.h:253->./nnet_utils/nnet_dense_stream.h:21]   --->   Operation 52 'mul' 'mul_ln55' <Predicate = true> <Delay = 2.54> <CoreInst = "Multiplier">   --->   Core 3 'Multiplier' <Latency = 0> <II = 1> <Delay = 2.54> <FuncUnit> <Opcode : 'mul'> <InPorts = 2> <OutPorts = 1>
ST_3 : Operation 53 [1/1] (0.00ns)   --->   "%trunc_ln = partselect i16 @_ssdm_op_PartSelect.i16.i26.i32.i32, i26 %mul_ln55, i32 10, i32 25" [./nnet_utils/nnet_dense_resource.h:55->./nnet_utils/nnet_dense_resource.h:253->./nnet_utils/nnet_dense_stream.h:21]   --->   Operation 53 'partselect' 'trunc_ln' <Predicate = true> <Delay = 0.00>
ST_3 : Operation 54 [1/1] (1.12ns)   --->   "%add_ln55 = add i16 %trunc_ln, i16 %res_0_08" [./nnet_utils/nnet_dense_resource.h:55->./nnet_utils/nnet_dense_resource.h:253->./nnet_utils/nnet_dense_stream.h:21]   --->   Operation 54 'add' 'add_ln55' <Predicate = true> <Delay = 1.12> <CoreInst = "Adder">   --->   Core 1 'Adder' <Latency = 0> <II = 1> <Delay = 1.12> <FuncUnit> <Opcode : 'add' 'sub'> <InPorts = 2> <OutPorts = 1>
ST_3 : Operation 55 [1/1] (0.00ns)   --->   "%w_1 = partselect i16 @_ssdm_op_PartSelect.i16.i43.i32.i32, i43 %w18_load, i32 16, i32 31" [./nnet_utils/nnet_dense_resource.h:56->./nnet_utils/nnet_dense_resource.h:253->./nnet_utils/nnet_dense_stream.h:21]   --->   Operation 55 'partselect' 'w_1' <Predicate = true> <Delay = 0.00>
ST_3 : Operation 56 [1/1] (0.00ns)   --->   "%sext_ln73_2 = sext i16 %w_1" [./nnet_utils/nnet_mult.h:73->./nnet_utils/nnet_dense_resource.h:56->./nnet_utils/nnet_dense_resource.h:253->./nnet_utils/nnet_dense_stream.h:21]   --->   Operation 56 'sext' 'sext_ln73_2' <Predicate = true> <Delay = 0.00>
ST_3 : Operation 57 [1/1] (2.54ns)   --->   "%mul_ln55_1 = mul i26 %sext_ln73_2, i26 %sext_ln73_1" [./nnet_utils/nnet_dense_resource.h:55->./nnet_utils/nnet_dense_resource.h:253->./nnet_utils/nnet_dense_stream.h:21]   --->   Operation 57 'mul' 'mul_ln55_1' <Predicate = true> <Delay = 2.54> <CoreInst = "Multiplier">   --->   Core 3 'Multiplier' <Latency = 0> <II = 1> <Delay = 2.54> <FuncUnit> <Opcode : 'mul'> <InPorts = 2> <OutPorts = 1>
ST_3 : Operation 58 [1/1] (0.00ns)   --->   "%trunc_ln55_1 = partselect i16 @_ssdm_op_PartSelect.i16.i26.i32.i32, i26 %mul_ln55_1, i32 10, i32 25" [./nnet_utils/nnet_dense_resource.h:55->./nnet_utils/nnet_dense_resource.h:253->./nnet_utils/nnet_dense_stream.h:21]   --->   Operation 58 'partselect' 'trunc_ln55_1' <Predicate = true> <Delay = 0.00>
ST_3 : Operation 59 [1/1] (1.12ns)   --->   "%add_ln55_1 = add i16 %trunc_ln55_1, i16 %res_1_06" [./nnet_utils/nnet_dense_resource.h:55->./nnet_utils/nnet_dense_resource.h:253->./nnet_utils/nnet_dense_stream.h:21]   --->   Operation 59 'add' 'add_ln55_1' <Predicate = true> <Delay = 1.12> <CoreInst = "Adder">   --->   Core 1 'Adder' <Latency = 0> <II = 1> <Delay = 1.12> <FuncUnit> <Opcode : 'add' 'sub'> <InPorts = 2> <OutPorts = 1>
ST_3 : Operation 60 [1/1] (0.00ns)   --->   "%tmp = partselect i11 @_ssdm_op_PartSelect.i11.i43.i32.i32, i43 %w18_load, i32 32, i32 42" [./nnet_utils/nnet_dense_resource.h:56->./nnet_utils/nnet_dense_resource.h:253->./nnet_utils/nnet_dense_stream.h:21]   --->   Operation 60 'partselect' 'tmp' <Predicate = true> <Delay = 0.00>
ST_3 : Operation 61 [1/1] (0.00ns)   --->   "%sext_ln73_3 = sext i11 %tmp" [./nnet_utils/nnet_mult.h:73->./nnet_utils/nnet_dense_resource.h:56->./nnet_utils/nnet_dense_resource.h:253->./nnet_utils/nnet_dense_stream.h:21]   --->   Operation 61 'sext' 'sext_ln73_3' <Predicate = true> <Delay = 0.00>
ST_3 : Operation 62 [1/1] (2.54ns)   --->   "%mul_ln55_2 = mul i26 %sext_ln73_1, i26 %sext_ln73_3" [./nnet_utils/nnet_dense_resource.h:55->./nnet_utils/nnet_dense_resource.h:253->./nnet_utils/nnet_dense_stream.h:21]   --->   Operation 62 'mul' 'mul_ln55_2' <Predicate = true> <Delay = 2.54> <CoreInst = "Multiplier">   --->   Core 3 'Multiplier' <Latency = 0> <II = 1> <Delay = 2.54> <FuncUnit> <Opcode : 'mul'> <InPorts = 2> <OutPorts = 1>
ST_3 : Operation 63 [1/1] (0.00ns)   --->   "%trunc_ln55_2 = partselect i16 @_ssdm_op_PartSelect.i16.i26.i32.i32, i26 %mul_ln55_2, i32 10, i32 25" [./nnet_utils/nnet_dense_resource.h:55->./nnet_utils/nnet_dense_resource.h:253->./nnet_utils/nnet_dense_stream.h:21]   --->   Operation 63 'partselect' 'trunc_ln55_2' <Predicate = true> <Delay = 0.00>
ST_3 : Operation 64 [1/1] (1.12ns)   --->   "%add_ln55_2 = add i16 %trunc_ln55_2, i16 %res_2_04" [./nnet_utils/nnet_dense_resource.h:55->./nnet_utils/nnet_dense_resource.h:253->./nnet_utils/nnet_dense_stream.h:21]   --->   Operation 64 'add' 'add_ln55_2' <Predicate = true> <Delay = 1.12> <CoreInst = "Adder">   --->   Core 1 'Adder' <Latency = 0> <II = 1> <Delay = 1.12> <FuncUnit> <Opcode : 'add' 'sub'> <InPorts = 2> <OutPorts = 1>
ST_3 : Operation 65 [1/1] (0.00ns)   --->   "%rend = specregionend i32 @_ssdm_op_SpecRegionEnd, void @nnet_KD_KD_dense_resource_MD_ap_fixed_MD_16_MC_AC_6_MC_AC_IC_ap_q_mode_JC_5_s, i32 %rbegin" [./nnet_utils/nnet_dense_stream.h:23]   --->   Operation 65 'specregionend' 'rend' <Predicate = (icmp_ln43)> <Delay = 0.00>
ST_3 : Operation 66 [1/1] (0.00ns)   --->   "%mrv = insertvalue i48 <undef>, i16 %add_ln55" [./nnet_utils/nnet_dense_stream.h:23]   --->   Operation 66 'insertvalue' 'mrv' <Predicate = (icmp_ln43)> <Delay = 0.00>
ST_3 : Operation 67 [1/1] (0.00ns)   --->   "%mrv_1 = insertvalue i48 %mrv, i16 %add_ln55_1" [./nnet_utils/nnet_dense_stream.h:23]   --->   Operation 67 'insertvalue' 'mrv_1' <Predicate = (icmp_ln43)> <Delay = 0.00>
ST_3 : Operation 68 [1/1] (0.00ns)   --->   "%mrv_2 = insertvalue i48 %mrv_1, i16 %add_ln55_2" [./nnet_utils/nnet_dense_stream.h:23]   --->   Operation 68 'insertvalue' 'mrv_2' <Predicate = (icmp_ln43)> <Delay = 0.00>
ST_3 : Operation 69 [1/1] (0.00ns)   --->   "%return_ln23 = return void @_ssdm_op_Return, i48 %mrv_2" [./nnet_utils/nnet_dense_stream.h:23]   --->   Operation 69 'return' 'return_ln23' <Predicate = (icmp_ln43)> <Delay = 0.00>


============================================================
+ Verbose Summary: Timing violations
============================================================
Target clock period: 10.000ns, clock uncertainty: 2.700ns.

 <State 1>: 0.460ns
The critical path consists of the following:
	multiplexor before 'phi' operation ('do_init') [13]  (0.460 ns)

 <State 2>: 0.730ns
The critical path consists of the following:
	'phi' operation ('w_index') with incoming values : ('w_index', ./nnet_utils/nnet_dense_resource.h:43->./nnet_utils/nnet_dense_resource.h:253->./nnet_utils/nnet_dense_stream.h:21) [25]  (0.000 ns)
	'getelementptr' operation ('w18_addr', ./nnet_utils/nnet_dense_resource.h:56->./nnet_utils/nnet_dense_resource.h:253->./nnet_utils/nnet_dense_stream.h:21) [51]  (0.000 ns)
	'load' operation ('w18_load', ./nnet_utils/nnet_dense_resource.h:56->./nnet_utils/nnet_dense_resource.h:253->./nnet_utils/nnet_dense_stream.h:21) on array 'w18' [52]  (0.730 ns)

 <State 3>: 4.834ns
The critical path consists of the following:
	'phi' operation ('data_0_val113_rewind', ./nnet_utils/nnet_dense_resource.h:43->./nnet_utils/nnet_dense_resource.h:253->./nnet_utils/nnet_dense_stream.h:21) with incoming values : ('data_0_val1_read', ./nnet_utils/nnet_dense_resource.h:43->./nnet_utils/nnet_dense_resource.h:253->./nnet_utils/nnet_dense_stream.h:21) [14]  (0.000 ns)
	multiplexor before 'phi' operation ('data_0_val113_phi', ./nnet_utils/nnet_dense_resource.h:43->./nnet_utils/nnet_dense_resource.h:253->./nnet_utils/nnet_dense_stream.h:21) with incoming values : ('data_0_val1_read', ./nnet_utils/nnet_dense_resource.h:43->./nnet_utils/nnet_dense_resource.h:253->./nnet_utils/nnet_dense_stream.h:21) [38]  (0.460 ns)
	'phi' operation ('data_0_val113_phi', ./nnet_utils/nnet_dense_resource.h:43->./nnet_utils/nnet_dense_resource.h:253->./nnet_utils/nnet_dense_stream.h:21) with incoming values : ('data_0_val1_read', ./nnet_utils/nnet_dense_resource.h:43->./nnet_utils/nnet_dense_resource.h:253->./nnet_utils/nnet_dense_stream.h:21) [38]  (0.000 ns)
	'mux' operation ('a', ./nnet_utils/nnet_dense_resource.h:43->./nnet_utils/nnet_dense_resource.h:253->./nnet_utils/nnet_dense_stream.h:21) [50]  (0.713 ns)
	'mul' operation ('mul_ln55', ./nnet_utils/nnet_dense_resource.h:55->./nnet_utils/nnet_dense_resource.h:253->./nnet_utils/nnet_dense_stream.h:21) [56]  (2.540 ns)
	'add' operation ('add_ln55', ./nnet_utils/nnet_dense_resource.h:55->./nnet_utils/nnet_dense_resource.h:253->./nnet_utils/nnet_dense_stream.h:21) [58]  (1.121 ns)
	'insertvalue' operation ('mrv', ./nnet_utils/nnet_dense_stream.h:23) [74]  (0.000 ns)


============================================================
+ Verbose Summary: Binding
============================================================
N/A
* FSMD analyzer results:
  - Output states:
 - Input state : 
  - Chain level:
	State 1
	State 2
	State 3


============================================================
+ Verbose Summary: Datapath Resource usage 
============================================================
N/A
