

================================================================
== Vitis HLS Report for 'process_data_Pipeline_VITIS_LOOP_408_1'
================================================================
* Date:           Mon Aug  7 16:46:50 2023

* Version:        2023.1 (Build 3854077 on May  4 2023)
* Project:        processapa
* Solution:       solution1 (Vitis Kernel Flow Target)
* Product family: virtexuplus
* Target device:  xcvu11p-flga2577-1-e


================================================================
== Performance Estimates
================================================================
+ Timing: 
    * Summary: 
    +--------+----------+----------+------------+
    |  Clock |  Target  | Estimated| Uncertainty|
    +--------+----------+----------+------------+
    |ap_clk  |  10.00 ns|  5.392 ns|     2.70 ns|
    +--------+----------+----------+------------+

+ Latency: 
    * Summary: 
    +---------+---------+-----------+-----------+------+------+---------+
    |  Latency (cycles) |   Latency (absolute)  |   Interval  | Pipeline|
    |   min   |   max   |    min    |    max    |  min |  max |   Type  |
    +---------+---------+-----------+-----------+------+------+---------+
    |     6002|     6002|  60.020 us|  60.020 us|  6002|  6002|       no|
    +---------+---------+-----------+-----------+------+------+---------+

    + Detail: 
        * Instance: 
        N/A

        * Loop: 
        +--------------------+---------+---------+----------+-----------+-----------+------+----------+
        |                    |  Latency (cycles) | Iteration|  Initiation Interval  | Trip |          |
        |      Loop Name     |   min   |   max   |  Latency |  achieved |   target  | Count| Pipelined|
        +--------------------+---------+---------+----------+-----------+-----------+------+----------+
        |- VITIS_LOOP_408_1  |     6000|     6000|         2|          1|          1|  6000|       yes|
        +--------------------+---------+---------+----------+-----------+-----------+------+----------+



================================================================
== Utilization Estimates
================================================================
* Summary: 
+---------------------+---------+------+---------+---------+-----+
|         Name        | BRAM_18K|  DSP |    FF   |   LUT   | URAM|
+---------------------+---------+------+---------+---------+-----+
|DSP                  |        -|     -|        -|        -|    -|
|Expression           |        -|     -|        0|     1411|    -|
|FIFO                 |        -|     -|        -|        -|    -|
|Instance             |        -|     -|        0|      257|    -|
|Memory               |        -|     -|        -|        -|    -|
|Multiplexer          |        -|     -|        -|      297|    -|
|Register             |        -|     -|      103|        -|    -|
+---------------------+---------+------+---------+---------+-----+
|Total                |        0|     0|      103|     1965|    0|
+---------------------+---------+------+---------+---------+-----+
|Available SLR        |     1344|  3072|   864000|   432000|  320|
+---------------------+---------+------+---------+---------+-----+
|Utilization SLR (%)  |        0|     0|       ~0|       ~0|    0|
+---------------------+---------+------+---------+---------+-----+
|Available            |     4032|  9216|  2592000|  1296000|  960|
+---------------------+---------+------+---------+---------+-----+
|Utilization (%)      |        0|     0|       ~0|       ~0|    0|
+---------------------+---------+------+---------+---------+-----+

+ Detail: 
    * Instance: 
    +----------------------+-----------------+---------+----+---+-----+-----+
    |       Instance       |      Module     | BRAM_18K| DSP| FF| LUT | URAM|
    +----------------------+-----------------+---------+----+---+-----+-----+
    |mux_60_6_14_1_1_U241  |mux_60_6_14_1_1  |        0|   0|  0|  257|    0|
    +----------------------+-----------------+---------+----+---+-----+-----+
    |Total                 |                 |        0|   0|  0|  257|    0|
    +----------------------+-----------------+---------+----+---+-----+-----+

    * DSP: 
    N/A

    * Memory: 
    N/A

    * FIFO: 
    N/A

    * Expression: 
    +-----------------------+----------+----+---+----+------------+------------+
    |     Variable Name     | Operation| DSP| FF| LUT| Bitwidth P0| Bitwidth P1|
    +-----------------------+----------+----+---+----+------------+------------+
    |add_ln408_fu_2050_p2   |         +|   0|  0|  20|          13|           1|
    |add_ln414_fu_2557_p2   |         +|   0|  0|  29|          22|          22|
    |add_ln451_fu_2060_p2   |         +|   0|  0|  22|          15|          15|
    |planes_d0              |         -|   0|  0|  22|          15|          15|
    |ap_condition_2012      |       and|   0|  0|   2|           1|           1|
    |ap_condition_2017      |       and|   0|  0|   2|           1|           1|
    |ap_condition_2023      |       and|   0|  0|   2|           1|           1|
    |ap_condition_2030      |       and|   0|  0|   2|           1|           1|
    |ap_condition_2038      |       and|   0|  0|   2|           1|           1|
    |ap_condition_2047      |       and|   0|  0|   2|           1|           1|
    |ap_condition_2057      |       and|   0|  0|   2|           1|           1|
    |ap_condition_2068      |       and|   0|  0|   2|           1|           1|
    |ap_condition_2080      |       and|   0|  0|   2|           1|           1|
    |ap_condition_2093      |       and|   0|  0|   2|           1|           1|
    |ap_condition_2107      |       and|   0|  0|   2|           1|           1|
    |ap_condition_2111      |       and|   0|  0|   2|           1|           1|
    |ap_condition_2116      |       and|   0|  0|   2|           1|           1|
    |ap_condition_2122      |       and|   0|  0|   2|           1|           1|
    |ap_condition_2129      |       and|   0|  0|   2|           1|           1|
    |ap_condition_2137      |       and|   0|  0|   2|           1|           1|
    |ap_condition_2146      |       and|   0|  0|   2|           1|           1|
    |ap_condition_2156      |       and|   0|  0|   2|           1|           1|
    |ap_condition_2167      |       and|   0|  0|   2|           1|           1|
    |ap_condition_2179      |       and|   0|  0|   2|           1|           1|
    |ap_condition_2192      |       and|   0|  0|   2|           1|           1|
    |ap_condition_2206      |       and|   0|  0|   2|           1|           1|
    |ap_condition_2221      |       and|   0|  0|   2|           1|           1|
    |ap_condition_2237      |       and|   0|  0|   2|           1|           1|
    |ap_condition_2254      |       and|   0|  0|   2|           1|           1|
    |ap_condition_2272      |       and|   0|  0|   2|           1|           1|
    |ap_condition_2291      |       and|   0|  0|   2|           1|           1|
    |ap_condition_2311      |       and|   0|  0|   2|           1|           1|
    |ap_condition_2332      |       and|   0|  0|   2|           1|           1|
    |ap_condition_2354      |       and|   0|  0|   2|           1|           1|
    |ap_condition_2377      |       and|   0|  0|   2|           1|           1|
    |ap_condition_2401      |       and|   0|  0|   2|           1|           1|
    |ap_condition_2426      |       and|   0|  0|   2|           1|           1|
    |ap_condition_2452      |       and|   0|  0|   2|           1|           1|
    |ap_condition_2479      |       and|   0|  0|   2|           1|           1|
    |ap_condition_2507      |       and|   0|  0|   2|           1|           1|
    |ap_condition_2536      |       and|   0|  0|   2|           1|           1|
    |ap_condition_2566      |       and|   0|  0|   2|           1|           1|
    |ap_condition_2597      |       and|   0|  0|   2|           1|           1|
    |ap_condition_2629      |       and|   0|  0|   2|           1|           1|
    |ap_condition_2662      |       and|   0|  0|   2|           1|           1|
    |ap_condition_2696      |       and|   0|  0|   2|           1|           1|
    |ap_condition_2731      |       and|   0|  0|   2|           1|           1|
    |ap_condition_2767      |       and|   0|  0|   2|           1|           1|
    |ap_condition_2804      |       and|   0|  0|   2|           1|           1|
    |ap_condition_2842      |       and|   0|  0|   2|           1|           1|
    |ap_condition_2881      |       and|   0|  0|   2|           1|           1|
    |ap_condition_2921      |       and|   0|  0|   2|           1|           1|
    |ap_condition_2962      |       and|   0|  0|   2|           1|           1|
    |ap_condition_3004      |       and|   0|  0|   2|           1|           1|
    |ap_condition_3047      |       and|   0|  0|   2|           1|           1|
    |ap_condition_3091      |       and|   0|  0|   2|           1|           1|
    |ap_condition_3136      |       and|   0|  0|   2|           1|           1|
    |ap_condition_3182      |       and|   0|  0|   2|           1|           1|
    |ap_condition_3229      |       and|   0|  0|   2|           1|           1|
    |ap_condition_3277      |       and|   0|  0|   2|           1|           1|
    |ap_condition_3326      |       and|   0|  0|   2|           1|           1|
    |ap_condition_3375      |       and|   0|  0|   2|           1|           1|
    |icmp_ln408_fu_2044_p2  |      icmp|   0|  0|  20|          13|          13|
    |icmp_ln412_fu_2195_p2  |      icmp|   0|  0|  20|          13|           7|
    |icmp_ln416_fu_2201_p2  |      icmp|   0|  0|  20|          13|           8|
    |icmp_ln421_fu_2207_p2  |      icmp|   0|  0|  20|          13|           9|
    |icmp_ln425_fu_2213_p2  |      icmp|   0|  0|  20|          13|           9|
    |icmp_ln429_fu_2219_p2  |      icmp|   0|  0|  20|          13|           9|
    |icmp_ln433_fu_2225_p2  |      icmp|   0|  0|  20|          13|          10|
    |icmp_ln437_fu_2231_p2  |      icmp|   0|  0|  20|          13|          10|
    |icmp_ln441_fu_2237_p2  |      icmp|   0|  0|  20|          13|          10|
    |icmp_ln445_fu_2243_p2  |      icmp|   0|  0|  20|          13|          10|
    |icmp_ln449_fu_2249_p2  |      icmp|   0|  0|  20|          13|          10|
    |icmp_ln453_fu_2255_p2  |      icmp|   0|  0|  20|          13|          11|
    |icmp_ln457_fu_2261_p2  |      icmp|   0|  0|  20|          13|          11|
    |icmp_ln461_fu_2267_p2  |      icmp|   0|  0|  20|          13|          11|
    |icmp_ln465_fu_2273_p2  |      icmp|   0|  0|  20|          13|          11|
    |icmp_ln469_fu_2279_p2  |      icmp|   0|  0|  20|          13|          11|
    |icmp_ln473_fu_2285_p2  |      icmp|   0|  0|  20|          13|          11|
    |icmp_ln477_fu_2291_p2  |      icmp|   0|  0|  20|          13|          11|
    |icmp_ln481_fu_2297_p2  |      icmp|   0|  0|  20|          13|          11|
    |icmp_ln485_fu_2303_p2  |      icmp|   0|  0|  20|          13|          11|
    |icmp_ln489_fu_2309_p2  |      icmp|   0|  0|  20|          13|          11|
    |icmp_ln493_fu_2315_p2  |      icmp|   0|  0|  20|          13|          12|
    |icmp_ln497_fu_2321_p2  |      icmp|   0|  0|  20|          13|          12|
    |icmp_ln501_fu_2327_p2  |      icmp|   0|  0|  20|          13|          12|
    |icmp_ln505_fu_2333_p2  |      icmp|   0|  0|  20|          13|          12|
    |icmp_ln509_fu_2339_p2  |      icmp|   0|  0|  20|          13|          12|
    |icmp_ln513_fu_2345_p2  |      icmp|   0|  0|  20|          13|          12|
    |icmp_ln517_fu_2351_p2  |      icmp|   0|  0|  20|          13|          12|
    |icmp_ln521_fu_2357_p2  |      icmp|   0|  0|  20|          13|          12|
    |icmp_ln525_fu_2363_p2  |      icmp|   0|  0|  20|          13|          12|
    |icmp_ln529_fu_2369_p2  |      icmp|   0|  0|  20|          13|          12|
    |icmp_ln533_fu_2375_p2  |      icmp|   0|  0|  20|          13|          12|
    |icmp_ln537_fu_2381_p2  |      icmp|   0|  0|  20|          13|          12|
    |icmp_ln541_fu_2387_p2  |      icmp|   0|  0|  20|          13|          12|
    |icmp_ln545_fu_2393_p2  |      icmp|   0|  0|  20|          13|          12|
    |icmp_ln549_fu_2399_p2  |      icmp|   0|  0|  20|          13|          12|
    |icmp_ln553_fu_2405_p2  |      icmp|   0|  0|  20|          13|          12|
    |icmp_ln557_fu_2411_p2  |      icmp|   0|  0|  20|          13|          12|
    |icmp_ln561_fu_2417_p2  |      icmp|   0|  0|  20|          13|          12|
    |icmp_ln565_fu_2423_p2  |      icmp|   0|  0|  20|          13|          12|
    |icmp_ln569_fu_2429_p2  |      icmp|   0|  0|  20|          13|          12|
    |icmp_ln573_fu_2435_p2  |      icmp|   0|  0|  20|          13|          13|
    |icmp_ln577_fu_2441_p2  |      icmp|   0|  0|  20|          13|          13|
    |icmp_ln581_fu_2447_p2  |      icmp|   0|  0|  20|          13|          13|
    |icmp_ln585_fu_2453_p2  |      icmp|   0|  0|  20|          13|          13|
    |icmp_ln589_fu_2459_p2  |      icmp|   0|  0|  20|          13|          13|
    |icmp_ln593_fu_2465_p2  |      icmp|   0|  0|  20|          13|          13|
    |icmp_ln597_fu_2471_p2  |      icmp|   0|  0|  20|          13|          13|
    |icmp_ln601_fu_2477_p2  |      icmp|   0|  0|  20|          13|          13|
    |icmp_ln605_fu_2483_p2  |      icmp|   0|  0|  20|          13|          13|
    |icmp_ln609_fu_2489_p2  |      icmp|   0|  0|  20|          13|          13|
    |icmp_ln613_fu_2495_p2  |      icmp|   0|  0|  20|          13|          13|
    |icmp_ln617_fu_2501_p2  |      icmp|   0|  0|  20|          13|          13|
    |icmp_ln621_fu_2507_p2  |      icmp|   0|  0|  20|          13|          13|
    |icmp_ln625_fu_2513_p2  |      icmp|   0|  0|  20|          13|          13|
    |icmp_ln629_fu_2519_p2  |      icmp|   0|  0|  20|          13|          13|
    |icmp_ln633_fu_2525_p2  |      icmp|   0|  0|  20|          13|          13|
    |icmp_ln637_fu_2531_p2  |      icmp|   0|  0|  20|          13|          13|
    |icmp_ln641_fu_2537_p2  |      icmp|   0|  0|  20|          13|          13|
    |icmp_ln645_fu_2543_p2  |      icmp|   0|  0|  20|          13|          13|
    |ap_enable_pp0          |       xor|   0|  0|   2|           1|           2|
    +-----------------------+----------+----+---+----+------------+------------+
    |Total                  |          |   0|  0|1411|         904|         815|
    +-----------------------+----------+----+---+----+------------+------------+

    * Multiplexer: 
    +---------------------------------------------------------------------------------------------------------------+-----+-----------+-----+-----------+
    |                                                      Name                                                     | LUT | Input Size| Bits| Total Bits|
    +---------------------------------------------------------------------------------------------------------------+-----+-----------+-----+-----------+
    |ap_done_int                                                                                                    |    9|          2|    1|          2|
    |ap_enable_reg_pp0_iter1                                                                                        |    9|          2|    1|          2|
    |ap_phi_mux_p_pn_pn_pn_pn_pn_pn_pn_pn_pn_pn_pn_pn_pn_pn_pn_pn_pn_pn_pn_pn_pn_pn_pn_pn_pn_pn_p_phi_fu_1851_p120  |  261|         61|   14|        854|
    |ap_sig_allocacmp_i_1                                                                                           |    9|          2|   13|         26|
    |i_fu_390                                                                                                       |    9|          2|   13|         26|
    +---------------------------------------------------------------------------------------------------------------+-----+-----------+-----+-----------+
    |Total                                                                                                          |  297|         69|   42|        910|
    +---------------------------------------------------------------------------------------------------------------+-----+-----------+-----+-----------+

    * Register: 
    +--------------------------+----+----+-----+-----------+
    |           Name           | FF | LUT| Bits| Const Bits|
    +--------------------------+----+----+-----+-----------+
    |ap_CS_fsm                 |   1|   0|    1|          0|
    |ap_done_reg               |   1|   0|    1|          0|
    |ap_enable_reg_pp0_iter1   |   1|   0|    1|          0|
    |i_1_reg_2730              |  13|   0|   13|          0|
    |i_fu_390                  |  13|   0|   13|          0|
    |icmp_ln408_reg_2736       |   1|   0|    1|          0|
    |icmp_ln412_reg_3285       |   1|   0|    1|          0|
    |icmp_ln416_reg_3289       |   1|   0|    1|          0|
    |icmp_ln421_reg_3293       |   1|   0|    1|          0|
    |icmp_ln425_reg_3297       |   1|   0|    1|          0|
    |icmp_ln429_reg_3301       |   1|   0|    1|          0|
    |icmp_ln433_reg_3305       |   1|   0|    1|          0|
    |icmp_ln437_reg_3309       |   1|   0|    1|          0|
    |icmp_ln441_reg_3313       |   1|   0|    1|          0|
    |icmp_ln445_reg_3317       |   1|   0|    1|          0|
    |icmp_ln449_reg_3321       |   1|   0|    1|          0|
    |icmp_ln453_reg_3325       |   1|   0|    1|          0|
    |icmp_ln457_reg_3329       |   1|   0|    1|          0|
    |icmp_ln461_reg_3333       |   1|   0|    1|          0|
    |icmp_ln465_reg_3337       |   1|   0|    1|          0|
    |icmp_ln469_reg_3341       |   1|   0|    1|          0|
    |icmp_ln473_reg_3345       |   1|   0|    1|          0|
    |icmp_ln477_reg_3349       |   1|   0|    1|          0|
    |icmp_ln481_reg_3353       |   1|   0|    1|          0|
    |icmp_ln485_reg_3357       |   1|   0|    1|          0|
    |icmp_ln489_reg_3361       |   1|   0|    1|          0|
    |icmp_ln493_reg_3365       |   1|   0|    1|          0|
    |icmp_ln497_reg_3369       |   1|   0|    1|          0|
    |icmp_ln501_reg_3373       |   1|   0|    1|          0|
    |icmp_ln505_reg_3377       |   1|   0|    1|          0|
    |icmp_ln509_reg_3381       |   1|   0|    1|          0|
    |icmp_ln513_reg_3385       |   1|   0|    1|          0|
    |icmp_ln517_reg_3389       |   1|   0|    1|          0|
    |icmp_ln521_reg_3393       |   1|   0|    1|          0|
    |icmp_ln525_reg_3397       |   1|   0|    1|          0|
    |icmp_ln529_reg_3401       |   1|   0|    1|          0|
    |icmp_ln533_reg_3405       |   1|   0|    1|          0|
    |icmp_ln537_reg_3409       |   1|   0|    1|          0|
    |icmp_ln541_reg_3413       |   1|   0|    1|          0|
    |icmp_ln545_reg_3417       |   1|   0|    1|          0|
    |icmp_ln549_reg_3421       |   1|   0|    1|          0|
    |icmp_ln553_reg_3425       |   1|   0|    1|          0|
    |icmp_ln557_reg_3429       |   1|   0|    1|          0|
    |icmp_ln561_reg_3433       |   1|   0|    1|          0|
    |icmp_ln565_reg_3437       |   1|   0|    1|          0|
    |icmp_ln569_reg_3441       |   1|   0|    1|          0|
    |icmp_ln573_reg_3445       |   1|   0|    1|          0|
    |icmp_ln577_reg_3449       |   1|   0|    1|          0|
    |icmp_ln581_reg_3453       |   1|   0|    1|          0|
    |icmp_ln585_reg_3457       |   1|   0|    1|          0|
    |icmp_ln589_reg_3461       |   1|   0|    1|          0|
    |icmp_ln593_reg_3465       |   1|   0|    1|          0|
    |icmp_ln597_reg_3469       |   1|   0|    1|          0|
    |icmp_ln601_reg_3473       |   1|   0|    1|          0|
    |icmp_ln605_reg_3477       |   1|   0|    1|          0|
    |icmp_ln609_reg_3481       |   1|   0|    1|          0|
    |icmp_ln613_reg_3485       |   1|   0|    1|          0|
    |icmp_ln617_reg_3489       |   1|   0|    1|          0|
    |icmp_ln621_reg_3493       |   1|   0|    1|          0|
    |icmp_ln625_reg_3497       |   1|   0|    1|          0|
    |icmp_ln629_reg_3501       |   1|   0|    1|          0|
    |icmp_ln633_reg_3505       |   1|   0|    1|          0|
    |icmp_ln637_reg_3509       |   1|   0|    1|          0|
    |icmp_ln641_reg_3513       |   1|   0|    1|          0|
    |icmp_ln645_reg_3517       |   1|   0|    1|          0|
    |zext_ln408_cast_reg_2725  |  14|   0|   15|          1|
    +--------------------------+----+----+-----+-----------+
    |Total                     | 103|   0|  104|          1|
    +--------------------------+----+----+-----+-----------+



================================================================
== Interface
================================================================
* Summary: 
+-----------------------------------------------------------------------------+-----+-----+------------+--------------------------------------------------------------------+--------------+
|                                  RTL Ports                                  | Dir | Bits|  Protocol  |                            Source Object                           |    C Type    |
+-----------------------------------------------------------------------------+-----+-----+------------+--------------------------------------------------------------------+--------------+
|ap_clk                                                                       |   in|    1|  ap_ctrl_hs|                              process_data_Pipeline_VITIS_LOOP_408_1|  return value|
|ap_rst                                                                       |   in|    1|  ap_ctrl_hs|                              process_data_Pipeline_VITIS_LOOP_408_1|  return value|
|ap_start                                                                     |   in|    1|  ap_ctrl_hs|                              process_data_Pipeline_VITIS_LOOP_408_1|  return value|
|ap_done                                                                      |  out|    1|  ap_ctrl_hs|                              process_data_Pipeline_VITIS_LOOP_408_1|  return value|
|ap_idle                                                                      |  out|    1|  ap_ctrl_hs|                              process_data_Pipeline_VITIS_LOOP_408_1|  return value|
|ap_ready                                                                     |  out|    1|  ap_ctrl_hs|                              process_data_Pipeline_VITIS_LOOP_408_1|  return value|
|zext_ln408                                                                   |   in|   14|     ap_none|                                                          zext_ln408|        scalar|
|phi_mul16                                                                    |   in|   15|     ap_none|                                                           phi_mul16|        scalar|
|mul_ln414                                                                    |   in|   22|     ap_none|                                                           mul_ln414|        scalar|
|iChan_1                                                                      |   in|    8|     ap_none|                                                             iChan_1|        scalar|
|planes_address0                                                              |  out|   22|   ap_memory|                                                              planes|         array|
|planes_ce0                                                                   |  out|    1|   ap_memory|                                                              planes|         array|
|planes_we0                                                                   |  out|    1|   ap_memory|                                                              planes|         array|
|planes_d0                                                                    |  out|   15|   ap_memory|                                                              planes|         array|
|process_data_int_char_FDHDChannelMapSP_int_adc_vectors_address0              |  out|    9|   ap_memory|              process_data_int_char_FDHDChannelMapSP_int_adc_vectors|         array|
|process_data_int_char_FDHDChannelMapSP_int_adc_vectors_ce0                   |  out|    1|   ap_memory|              process_data_int_char_FDHDChannelMapSP_int_adc_vectors|         array|
|process_data_int_char_FDHDChannelMapSP_int_adc_vectors_q0                    |   in|   14|   ap_memory|              process_data_int_char_FDHDChannelMapSP_int_adc_vectors|         array|
|process_data_int_char_FDHDChannelMapSP_int_adc_vectors_2_address0            |  out|    9|   ap_memory|            process_data_int_char_FDHDChannelMapSP_int_adc_vectors_2|         array|
|process_data_int_char_FDHDChannelMapSP_int_adc_vectors_2_ce0                 |  out|    1|   ap_memory|            process_data_int_char_FDHDChannelMapSP_int_adc_vectors_2|         array|
|process_data_int_char_FDHDChannelMapSP_int_adc_vectors_2_q0                  |   in|   14|   ap_memory|            process_data_int_char_FDHDChannelMapSP_int_adc_vectors_2|         array|
|process_data_int_char_FDHDChannelMapSP_int_adc_vectors_3_address0            |  out|    9|   ap_memory|            process_data_int_char_FDHDChannelMapSP_int_adc_vectors_3|         array|
|process_data_int_char_FDHDChannelMapSP_int_adc_vectors_3_ce0                 |  out|    1|   ap_memory|            process_data_int_char_FDHDChannelMapSP_int_adc_vectors_3|         array|
|process_data_int_char_FDHDChannelMapSP_int_adc_vectors_3_q0                  |   in|   14|   ap_memory|            process_data_int_char_FDHDChannelMapSP_int_adc_vectors_3|         array|
|process_data_int_char_FDHDChannelMapSP_int_adc_vectors_4_address0            |  out|    9|   ap_memory|            process_data_int_char_FDHDChannelMapSP_int_adc_vectors_4|         array|
|process_data_int_char_FDHDChannelMapSP_int_adc_vectors_4_ce0                 |  out|    1|   ap_memory|            process_data_int_char_FDHDChannelMapSP_int_adc_vectors_4|         array|
|process_data_int_char_FDHDChannelMapSP_int_adc_vectors_4_q0                  |   in|   14|   ap_memory|            process_data_int_char_FDHDChannelMapSP_int_adc_vectors_4|         array|
|process_data_int_char_FDHDChannelMapSP_int_adc_vectors_5_address0            |  out|    9|   ap_memory|            process_data_int_char_FDHDChannelMapSP_int_adc_vectors_5|         array|
|process_data_int_char_FDHDChannelMapSP_int_adc_vectors_5_ce0                 |  out|    1|   ap_memory|            process_data_int_char_FDHDChannelMapSP_int_adc_vectors_5|         array|
|process_data_int_char_FDHDChannelMapSP_int_adc_vectors_5_q0                  |   in|   14|   ap_memory|            process_data_int_char_FDHDChannelMapSP_int_adc_vectors_5|         array|
|process_data_int_char_FDHDChannelMapSP_int_adc_vectors_6_address0            |  out|    9|   ap_memory|            process_data_int_char_FDHDChannelMapSP_int_adc_vectors_6|         array|
|process_data_int_char_FDHDChannelMapSP_int_adc_vectors_6_ce0                 |  out|    1|   ap_memory|            process_data_int_char_FDHDChannelMapSP_int_adc_vectors_6|         array|
|process_data_int_char_FDHDChannelMapSP_int_adc_vectors_6_q0                  |   in|   14|   ap_memory|            process_data_int_char_FDHDChannelMapSP_int_adc_vectors_6|         array|
|process_data_int_char_FDHDChannelMapSP_int_adc_vectors_7_address0            |  out|    9|   ap_memory|            process_data_int_char_FDHDChannelMapSP_int_adc_vectors_7|         array|
|process_data_int_char_FDHDChannelMapSP_int_adc_vectors_7_ce0                 |  out|    1|   ap_memory|            process_data_int_char_FDHDChannelMapSP_int_adc_vectors_7|         array|
|process_data_int_char_FDHDChannelMapSP_int_adc_vectors_7_q0                  |   in|   14|   ap_memory|            process_data_int_char_FDHDChannelMapSP_int_adc_vectors_7|         array|
|process_data_int_char_FDHDChannelMapSP_int_adc_vectors_8_address0            |  out|    9|   ap_memory|            process_data_int_char_FDHDChannelMapSP_int_adc_vectors_8|         array|
|process_data_int_char_FDHDChannelMapSP_int_adc_vectors_8_ce0                 |  out|    1|   ap_memory|            process_data_int_char_FDHDChannelMapSP_int_adc_vectors_8|         array|
|process_data_int_char_FDHDChannelMapSP_int_adc_vectors_8_q0                  |   in|   14|   ap_memory|            process_data_int_char_FDHDChannelMapSP_int_adc_vectors_8|         array|
|process_data_int_char_FDHDChannelMapSP_int_adc_vectors_9_address0            |  out|    9|   ap_memory|            process_data_int_char_FDHDChannelMapSP_int_adc_vectors_9|         array|
|process_data_int_char_FDHDChannelMapSP_int_adc_vectors_9_ce0                 |  out|    1|   ap_memory|            process_data_int_char_FDHDChannelMapSP_int_adc_vectors_9|         array|
|process_data_int_char_FDHDChannelMapSP_int_adc_vectors_9_q0                  |   in|   14|   ap_memory|            process_data_int_char_FDHDChannelMapSP_int_adc_vectors_9|         array|
|process_data_int_char_FDHDChannelMapSP_int_adc_vectors_10_address0           |  out|    9|   ap_memory|           process_data_int_char_FDHDChannelMapSP_int_adc_vectors_10|         array|
|process_data_int_char_FDHDChannelMapSP_int_adc_vectors_10_ce0                |  out|    1|   ap_memory|           process_data_int_char_FDHDChannelMapSP_int_adc_vectors_10|         array|
|process_data_int_char_FDHDChannelMapSP_int_adc_vectors_10_q0                 |   in|   14|   ap_memory|           process_data_int_char_FDHDChannelMapSP_int_adc_vectors_10|         array|
|p_ZZ12process_dataiPcRN4dune16FDHDChannelMapSPEPiE11adc_vectors_10_address0  |  out|    9|   ap_memory|  p_ZZ12process_dataiPcRN4dune16FDHDChannelMapSPEPiE11adc_vectors_10|         array|
|p_ZZ12process_dataiPcRN4dune16FDHDChannelMapSPEPiE11adc_vectors_10_ce0       |  out|    1|   ap_memory|  p_ZZ12process_dataiPcRN4dune16FDHDChannelMapSPEPiE11adc_vectors_10|         array|
|p_ZZ12process_dataiPcRN4dune16FDHDChannelMapSPEPiE11adc_vectors_10_q0        |   in|   14|   ap_memory|  p_ZZ12process_dataiPcRN4dune16FDHDChannelMapSPEPiE11adc_vectors_10|         array|
|p_ZZ12process_dataiPcRN4dune16FDHDChannelMapSPEPiE11adc_vectors_11_address0  |  out|    9|   ap_memory|  p_ZZ12process_dataiPcRN4dune16FDHDChannelMapSPEPiE11adc_vectors_11|         array|
|p_ZZ12process_dataiPcRN4dune16FDHDChannelMapSPEPiE11adc_vectors_11_ce0       |  out|    1|   ap_memory|  p_ZZ12process_dataiPcRN4dune16FDHDChannelMapSPEPiE11adc_vectors_11|         array|
|p_ZZ12process_dataiPcRN4dune16FDHDChannelMapSPEPiE11adc_vectors_11_q0        |   in|   14|   ap_memory|  p_ZZ12process_dataiPcRN4dune16FDHDChannelMapSPEPiE11adc_vectors_11|         array|
|p_ZZ12process_dataiPcRN4dune16FDHDChannelMapSPEPiE11adc_vectors_12_address0  |  out|    9|   ap_memory|  p_ZZ12process_dataiPcRN4dune16FDHDChannelMapSPEPiE11adc_vectors_12|         array|
|p_ZZ12process_dataiPcRN4dune16FDHDChannelMapSPEPiE11adc_vectors_12_ce0       |  out|    1|   ap_memory|  p_ZZ12process_dataiPcRN4dune16FDHDChannelMapSPEPiE11adc_vectors_12|         array|
|p_ZZ12process_dataiPcRN4dune16FDHDChannelMapSPEPiE11adc_vectors_12_q0        |   in|   14|   ap_memory|  p_ZZ12process_dataiPcRN4dune16FDHDChannelMapSPEPiE11adc_vectors_12|         array|
|p_ZZ12process_dataiPcRN4dune16FDHDChannelMapSPEPiE11adc_vectors_13_address0  |  out|    9|   ap_memory|  p_ZZ12process_dataiPcRN4dune16FDHDChannelMapSPEPiE11adc_vectors_13|         array|
|p_ZZ12process_dataiPcRN4dune16FDHDChannelMapSPEPiE11adc_vectors_13_ce0       |  out|    1|   ap_memory|  p_ZZ12process_dataiPcRN4dune16FDHDChannelMapSPEPiE11adc_vectors_13|         array|
|p_ZZ12process_dataiPcRN4dune16FDHDChannelMapSPEPiE11adc_vectors_13_q0        |   in|   14|   ap_memory|  p_ZZ12process_dataiPcRN4dune16FDHDChannelMapSPEPiE11adc_vectors_13|         array|
|p_ZZ12process_dataiPcRN4dune16FDHDChannelMapSPEPiE11adc_vectors_14_address0  |  out|    9|   ap_memory|  p_ZZ12process_dataiPcRN4dune16FDHDChannelMapSPEPiE11adc_vectors_14|         array|
|p_ZZ12process_dataiPcRN4dune16FDHDChannelMapSPEPiE11adc_vectors_14_ce0       |  out|    1|   ap_memory|  p_ZZ12process_dataiPcRN4dune16FDHDChannelMapSPEPiE11adc_vectors_14|         array|
|p_ZZ12process_dataiPcRN4dune16FDHDChannelMapSPEPiE11adc_vectors_14_q0        |   in|   14|   ap_memory|  p_ZZ12process_dataiPcRN4dune16FDHDChannelMapSPEPiE11adc_vectors_14|         array|
|p_ZZ12process_dataiPcRN4dune16FDHDChannelMapSPEPiE11adc_vectors_15_address0  |  out|    9|   ap_memory|  p_ZZ12process_dataiPcRN4dune16FDHDChannelMapSPEPiE11adc_vectors_15|         array|
|p_ZZ12process_dataiPcRN4dune16FDHDChannelMapSPEPiE11adc_vectors_15_ce0       |  out|    1|   ap_memory|  p_ZZ12process_dataiPcRN4dune16FDHDChannelMapSPEPiE11adc_vectors_15|         array|
|p_ZZ12process_dataiPcRN4dune16FDHDChannelMapSPEPiE11adc_vectors_15_q0        |   in|   14|   ap_memory|  p_ZZ12process_dataiPcRN4dune16FDHDChannelMapSPEPiE11adc_vectors_15|         array|
|p_ZZ12process_dataiPcRN4dune16FDHDChannelMapSPEPiE11adc_vectors_16_address0  |  out|    9|   ap_memory|  p_ZZ12process_dataiPcRN4dune16FDHDChannelMapSPEPiE11adc_vectors_16|         array|
|p_ZZ12process_dataiPcRN4dune16FDHDChannelMapSPEPiE11adc_vectors_16_ce0       |  out|    1|   ap_memory|  p_ZZ12process_dataiPcRN4dune16FDHDChannelMapSPEPiE11adc_vectors_16|         array|
|p_ZZ12process_dataiPcRN4dune16FDHDChannelMapSPEPiE11adc_vectors_16_q0        |   in|   14|   ap_memory|  p_ZZ12process_dataiPcRN4dune16FDHDChannelMapSPEPiE11adc_vectors_16|         array|
|p_ZZ12process_dataiPcRN4dune16FDHDChannelMapSPEPiE11adc_vectors_17_address0  |  out|    9|   ap_memory|  p_ZZ12process_dataiPcRN4dune16FDHDChannelMapSPEPiE11adc_vectors_17|         array|
|p_ZZ12process_dataiPcRN4dune16FDHDChannelMapSPEPiE11adc_vectors_17_ce0       |  out|    1|   ap_memory|  p_ZZ12process_dataiPcRN4dune16FDHDChannelMapSPEPiE11adc_vectors_17|         array|
|p_ZZ12process_dataiPcRN4dune16FDHDChannelMapSPEPiE11adc_vectors_17_q0        |   in|   14|   ap_memory|  p_ZZ12process_dataiPcRN4dune16FDHDChannelMapSPEPiE11adc_vectors_17|         array|
|p_ZZ12process_dataiPcRN4dune16FDHDChannelMapSPEPiE11adc_vectors_18_address0  |  out|    9|   ap_memory|  p_ZZ12process_dataiPcRN4dune16FDHDChannelMapSPEPiE11adc_vectors_18|         array|
|p_ZZ12process_dataiPcRN4dune16FDHDChannelMapSPEPiE11adc_vectors_18_ce0       |  out|    1|   ap_memory|  p_ZZ12process_dataiPcRN4dune16FDHDChannelMapSPEPiE11adc_vectors_18|         array|
|p_ZZ12process_dataiPcRN4dune16FDHDChannelMapSPEPiE11adc_vectors_18_q0        |   in|   14|   ap_memory|  p_ZZ12process_dataiPcRN4dune16FDHDChannelMapSPEPiE11adc_vectors_18|         array|
|p_ZZ12process_dataiPcRN4dune16FDHDChannelMapSPEPiE11adc_vectors_19_address0  |  out|    9|   ap_memory|  p_ZZ12process_dataiPcRN4dune16FDHDChannelMapSPEPiE11adc_vectors_19|         array|
|p_ZZ12process_dataiPcRN4dune16FDHDChannelMapSPEPiE11adc_vectors_19_ce0       |  out|    1|   ap_memory|  p_ZZ12process_dataiPcRN4dune16FDHDChannelMapSPEPiE11adc_vectors_19|         array|
|p_ZZ12process_dataiPcRN4dune16FDHDChannelMapSPEPiE11adc_vectors_19_q0        |   in|   14|   ap_memory|  p_ZZ12process_dataiPcRN4dune16FDHDChannelMapSPEPiE11adc_vectors_19|         array|
|p_ZZ12process_dataiPcRN4dune16FDHDChannelMapSPEPiE11adc_vectors_20_address0  |  out|    9|   ap_memory|  p_ZZ12process_dataiPcRN4dune16FDHDChannelMapSPEPiE11adc_vectors_20|         array|
|p_ZZ12process_dataiPcRN4dune16FDHDChannelMapSPEPiE11adc_vectors_20_ce0       |  out|    1|   ap_memory|  p_ZZ12process_dataiPcRN4dune16FDHDChannelMapSPEPiE11adc_vectors_20|         array|
|p_ZZ12process_dataiPcRN4dune16FDHDChannelMapSPEPiE11adc_vectors_20_q0        |   in|   14|   ap_memory|  p_ZZ12process_dataiPcRN4dune16FDHDChannelMapSPEPiE11adc_vectors_20|         array|
|p_ZZ12process_dataiPcRN4dune16FDHDChannelMapSPEPiE11adc_vectors_21_address0  |  out|    9|   ap_memory|  p_ZZ12process_dataiPcRN4dune16FDHDChannelMapSPEPiE11adc_vectors_21|         array|
|p_ZZ12process_dataiPcRN4dune16FDHDChannelMapSPEPiE11adc_vectors_21_ce0       |  out|    1|   ap_memory|  p_ZZ12process_dataiPcRN4dune16FDHDChannelMapSPEPiE11adc_vectors_21|         array|
|p_ZZ12process_dataiPcRN4dune16FDHDChannelMapSPEPiE11adc_vectors_21_q0        |   in|   14|   ap_memory|  p_ZZ12process_dataiPcRN4dune16FDHDChannelMapSPEPiE11adc_vectors_21|         array|
|p_ZZ12process_dataiPcRN4dune16FDHDChannelMapSPEPiE11adc_vectors_22_address0  |  out|    9|   ap_memory|  p_ZZ12process_dataiPcRN4dune16FDHDChannelMapSPEPiE11adc_vectors_22|         array|
|p_ZZ12process_dataiPcRN4dune16FDHDChannelMapSPEPiE11adc_vectors_22_ce0       |  out|    1|   ap_memory|  p_ZZ12process_dataiPcRN4dune16FDHDChannelMapSPEPiE11adc_vectors_22|         array|
|p_ZZ12process_dataiPcRN4dune16FDHDChannelMapSPEPiE11adc_vectors_22_q0        |   in|   14|   ap_memory|  p_ZZ12process_dataiPcRN4dune16FDHDChannelMapSPEPiE11adc_vectors_22|         array|
|p_ZZ12process_dataiPcRN4dune16FDHDChannelMapSPEPiE11adc_vectors_23_address0  |  out|    9|   ap_memory|  p_ZZ12process_dataiPcRN4dune16FDHDChannelMapSPEPiE11adc_vectors_23|         array|
|p_ZZ12process_dataiPcRN4dune16FDHDChannelMapSPEPiE11adc_vectors_23_ce0       |  out|    1|   ap_memory|  p_ZZ12process_dataiPcRN4dune16FDHDChannelMapSPEPiE11adc_vectors_23|         array|
|p_ZZ12process_dataiPcRN4dune16FDHDChannelMapSPEPiE11adc_vectors_23_q0        |   in|   14|   ap_memory|  p_ZZ12process_dataiPcRN4dune16FDHDChannelMapSPEPiE11adc_vectors_23|         array|
|p_ZZ12process_dataiPcRN4dune16FDHDChannelMapSPEPiE11adc_vectors_24_address0  |  out|    9|   ap_memory|  p_ZZ12process_dataiPcRN4dune16FDHDChannelMapSPEPiE11adc_vectors_24|         array|
|p_ZZ12process_dataiPcRN4dune16FDHDChannelMapSPEPiE11adc_vectors_24_ce0       |  out|    1|   ap_memory|  p_ZZ12process_dataiPcRN4dune16FDHDChannelMapSPEPiE11adc_vectors_24|         array|
|p_ZZ12process_dataiPcRN4dune16FDHDChannelMapSPEPiE11adc_vectors_24_q0        |   in|   14|   ap_memory|  p_ZZ12process_dataiPcRN4dune16FDHDChannelMapSPEPiE11adc_vectors_24|         array|
|p_ZZ12process_dataiPcRN4dune16FDHDChannelMapSPEPiE11adc_vectors_25_address0  |  out|    9|   ap_memory|  p_ZZ12process_dataiPcRN4dune16FDHDChannelMapSPEPiE11adc_vectors_25|         array|
|p_ZZ12process_dataiPcRN4dune16FDHDChannelMapSPEPiE11adc_vectors_25_ce0       |  out|    1|   ap_memory|  p_ZZ12process_dataiPcRN4dune16FDHDChannelMapSPEPiE11adc_vectors_25|         array|
|p_ZZ12process_dataiPcRN4dune16FDHDChannelMapSPEPiE11adc_vectors_25_q0        |   in|   14|   ap_memory|  p_ZZ12process_dataiPcRN4dune16FDHDChannelMapSPEPiE11adc_vectors_25|         array|
|p_ZZ12process_dataiPcRN4dune16FDHDChannelMapSPEPiE11adc_vectors_26_address0  |  out|    9|   ap_memory|  p_ZZ12process_dataiPcRN4dune16FDHDChannelMapSPEPiE11adc_vectors_26|         array|
|p_ZZ12process_dataiPcRN4dune16FDHDChannelMapSPEPiE11adc_vectors_26_ce0       |  out|    1|   ap_memory|  p_ZZ12process_dataiPcRN4dune16FDHDChannelMapSPEPiE11adc_vectors_26|         array|
|p_ZZ12process_dataiPcRN4dune16FDHDChannelMapSPEPiE11adc_vectors_26_q0        |   in|   14|   ap_memory|  p_ZZ12process_dataiPcRN4dune16FDHDChannelMapSPEPiE11adc_vectors_26|         array|
|p_ZZ12process_dataiPcRN4dune16FDHDChannelMapSPEPiE11adc_vectors_27_address0  |  out|    9|   ap_memory|  p_ZZ12process_dataiPcRN4dune16FDHDChannelMapSPEPiE11adc_vectors_27|         array|
|p_ZZ12process_dataiPcRN4dune16FDHDChannelMapSPEPiE11adc_vectors_27_ce0       |  out|    1|   ap_memory|  p_ZZ12process_dataiPcRN4dune16FDHDChannelMapSPEPiE11adc_vectors_27|         array|
|p_ZZ12process_dataiPcRN4dune16FDHDChannelMapSPEPiE11adc_vectors_27_q0        |   in|   14|   ap_memory|  p_ZZ12process_dataiPcRN4dune16FDHDChannelMapSPEPiE11adc_vectors_27|         array|
|p_ZZ12process_dataiPcRN4dune16FDHDChannelMapSPEPiE11adc_vectors_28_address0  |  out|    9|   ap_memory|  p_ZZ12process_dataiPcRN4dune16FDHDChannelMapSPEPiE11adc_vectors_28|         array|
|p_ZZ12process_dataiPcRN4dune16FDHDChannelMapSPEPiE11adc_vectors_28_ce0       |  out|    1|   ap_memory|  p_ZZ12process_dataiPcRN4dune16FDHDChannelMapSPEPiE11adc_vectors_28|         array|
|p_ZZ12process_dataiPcRN4dune16FDHDChannelMapSPEPiE11adc_vectors_28_q0        |   in|   14|   ap_memory|  p_ZZ12process_dataiPcRN4dune16FDHDChannelMapSPEPiE11adc_vectors_28|         array|
|p_ZZ12process_dataiPcRN4dune16FDHDChannelMapSPEPiE11adc_vectors_29_address0  |  out|    9|   ap_memory|  p_ZZ12process_dataiPcRN4dune16FDHDChannelMapSPEPiE11adc_vectors_29|         array|
|p_ZZ12process_dataiPcRN4dune16FDHDChannelMapSPEPiE11adc_vectors_29_ce0       |  out|    1|   ap_memory|  p_ZZ12process_dataiPcRN4dune16FDHDChannelMapSPEPiE11adc_vectors_29|         array|
|p_ZZ12process_dataiPcRN4dune16FDHDChannelMapSPEPiE11adc_vectors_29_q0        |   in|   14|   ap_memory|  p_ZZ12process_dataiPcRN4dune16FDHDChannelMapSPEPiE11adc_vectors_29|         array|
|p_ZZ12process_dataiPcRN4dune16FDHDChannelMapSPEPiE11adc_vectors_30_address0  |  out|    9|   ap_memory|  p_ZZ12process_dataiPcRN4dune16FDHDChannelMapSPEPiE11adc_vectors_30|         array|
|p_ZZ12process_dataiPcRN4dune16FDHDChannelMapSPEPiE11adc_vectors_30_ce0       |  out|    1|   ap_memory|  p_ZZ12process_dataiPcRN4dune16FDHDChannelMapSPEPiE11adc_vectors_30|         array|
|p_ZZ12process_dataiPcRN4dune16FDHDChannelMapSPEPiE11adc_vectors_30_q0        |   in|   14|   ap_memory|  p_ZZ12process_dataiPcRN4dune16FDHDChannelMapSPEPiE11adc_vectors_30|         array|
|p_ZZ12process_dataiPcRN4dune16FDHDChannelMapSPEPiE11adc_vectors_31_address0  |  out|    9|   ap_memory|  p_ZZ12process_dataiPcRN4dune16FDHDChannelMapSPEPiE11adc_vectors_31|         array|
|p_ZZ12process_dataiPcRN4dune16FDHDChannelMapSPEPiE11adc_vectors_31_ce0       |  out|    1|   ap_memory|  p_ZZ12process_dataiPcRN4dune16FDHDChannelMapSPEPiE11adc_vectors_31|         array|
|p_ZZ12process_dataiPcRN4dune16FDHDChannelMapSPEPiE11adc_vectors_31_q0        |   in|   14|   ap_memory|  p_ZZ12process_dataiPcRN4dune16FDHDChannelMapSPEPiE11adc_vectors_31|         array|
|p_ZZ12process_dataiPcRN4dune16FDHDChannelMapSPEPiE11adc_vectors_32_address0  |  out|    9|   ap_memory|  p_ZZ12process_dataiPcRN4dune16FDHDChannelMapSPEPiE11adc_vectors_32|         array|
|p_ZZ12process_dataiPcRN4dune16FDHDChannelMapSPEPiE11adc_vectors_32_ce0       |  out|    1|   ap_memory|  p_ZZ12process_dataiPcRN4dune16FDHDChannelMapSPEPiE11adc_vectors_32|         array|
|p_ZZ12process_dataiPcRN4dune16FDHDChannelMapSPEPiE11adc_vectors_32_q0        |   in|   14|   ap_memory|  p_ZZ12process_dataiPcRN4dune16FDHDChannelMapSPEPiE11adc_vectors_32|         array|
|p_ZZ12process_dataiPcRN4dune16FDHDChannelMapSPEPiE11adc_vectors_33_address0  |  out|    9|   ap_memory|  p_ZZ12process_dataiPcRN4dune16FDHDChannelMapSPEPiE11adc_vectors_33|         array|
|p_ZZ12process_dataiPcRN4dune16FDHDChannelMapSPEPiE11adc_vectors_33_ce0       |  out|    1|   ap_memory|  p_ZZ12process_dataiPcRN4dune16FDHDChannelMapSPEPiE11adc_vectors_33|         array|
|p_ZZ12process_dataiPcRN4dune16FDHDChannelMapSPEPiE11adc_vectors_33_q0        |   in|   14|   ap_memory|  p_ZZ12process_dataiPcRN4dune16FDHDChannelMapSPEPiE11adc_vectors_33|         array|
|p_ZZ12process_dataiPcRN4dune16FDHDChannelMapSPEPiE11adc_vectors_34_address0  |  out|    9|   ap_memory|  p_ZZ12process_dataiPcRN4dune16FDHDChannelMapSPEPiE11adc_vectors_34|         array|
|p_ZZ12process_dataiPcRN4dune16FDHDChannelMapSPEPiE11adc_vectors_34_ce0       |  out|    1|   ap_memory|  p_ZZ12process_dataiPcRN4dune16FDHDChannelMapSPEPiE11adc_vectors_34|         array|
|p_ZZ12process_dataiPcRN4dune16FDHDChannelMapSPEPiE11adc_vectors_34_q0        |   in|   14|   ap_memory|  p_ZZ12process_dataiPcRN4dune16FDHDChannelMapSPEPiE11adc_vectors_34|         array|
|p_ZZ12process_dataiPcRN4dune16FDHDChannelMapSPEPiE11adc_vectors_35_address0  |  out|    9|   ap_memory|  p_ZZ12process_dataiPcRN4dune16FDHDChannelMapSPEPiE11adc_vectors_35|         array|
|p_ZZ12process_dataiPcRN4dune16FDHDChannelMapSPEPiE11adc_vectors_35_ce0       |  out|    1|   ap_memory|  p_ZZ12process_dataiPcRN4dune16FDHDChannelMapSPEPiE11adc_vectors_35|         array|
|p_ZZ12process_dataiPcRN4dune16FDHDChannelMapSPEPiE11adc_vectors_35_q0        |   in|   14|   ap_memory|  p_ZZ12process_dataiPcRN4dune16FDHDChannelMapSPEPiE11adc_vectors_35|         array|
|p_ZZ12process_dataiPcRN4dune16FDHDChannelMapSPEPiE11adc_vectors_36_address0  |  out|    9|   ap_memory|  p_ZZ12process_dataiPcRN4dune16FDHDChannelMapSPEPiE11adc_vectors_36|         array|
|p_ZZ12process_dataiPcRN4dune16FDHDChannelMapSPEPiE11adc_vectors_36_ce0       |  out|    1|   ap_memory|  p_ZZ12process_dataiPcRN4dune16FDHDChannelMapSPEPiE11adc_vectors_36|         array|
|p_ZZ12process_dataiPcRN4dune16FDHDChannelMapSPEPiE11adc_vectors_36_q0        |   in|   14|   ap_memory|  p_ZZ12process_dataiPcRN4dune16FDHDChannelMapSPEPiE11adc_vectors_36|         array|
|p_ZZ12process_dataiPcRN4dune16FDHDChannelMapSPEPiE11adc_vectors_37_address0  |  out|    9|   ap_memory|  p_ZZ12process_dataiPcRN4dune16FDHDChannelMapSPEPiE11adc_vectors_37|         array|
|p_ZZ12process_dataiPcRN4dune16FDHDChannelMapSPEPiE11adc_vectors_37_ce0       |  out|    1|   ap_memory|  p_ZZ12process_dataiPcRN4dune16FDHDChannelMapSPEPiE11adc_vectors_37|         array|
|p_ZZ12process_dataiPcRN4dune16FDHDChannelMapSPEPiE11adc_vectors_37_q0        |   in|   14|   ap_memory|  p_ZZ12process_dataiPcRN4dune16FDHDChannelMapSPEPiE11adc_vectors_37|         array|
|p_ZZ12process_dataiPcRN4dune16FDHDChannelMapSPEPiE11adc_vectors_38_address0  |  out|    9|   ap_memory|  p_ZZ12process_dataiPcRN4dune16FDHDChannelMapSPEPiE11adc_vectors_38|         array|
|p_ZZ12process_dataiPcRN4dune16FDHDChannelMapSPEPiE11adc_vectors_38_ce0       |  out|    1|   ap_memory|  p_ZZ12process_dataiPcRN4dune16FDHDChannelMapSPEPiE11adc_vectors_38|         array|
|p_ZZ12process_dataiPcRN4dune16FDHDChannelMapSPEPiE11adc_vectors_38_q0        |   in|   14|   ap_memory|  p_ZZ12process_dataiPcRN4dune16FDHDChannelMapSPEPiE11adc_vectors_38|         array|
|p_ZZ12process_dataiPcRN4dune16FDHDChannelMapSPEPiE11adc_vectors_39_address0  |  out|    9|   ap_memory|  p_ZZ12process_dataiPcRN4dune16FDHDChannelMapSPEPiE11adc_vectors_39|         array|
|p_ZZ12process_dataiPcRN4dune16FDHDChannelMapSPEPiE11adc_vectors_39_ce0       |  out|    1|   ap_memory|  p_ZZ12process_dataiPcRN4dune16FDHDChannelMapSPEPiE11adc_vectors_39|         array|
|p_ZZ12process_dataiPcRN4dune16FDHDChannelMapSPEPiE11adc_vectors_39_q0        |   in|   14|   ap_memory|  p_ZZ12process_dataiPcRN4dune16FDHDChannelMapSPEPiE11adc_vectors_39|         array|
|p_ZZ12process_dataiPcRN4dune16FDHDChannelMapSPEPiE11adc_vectors_40_address0  |  out|    9|   ap_memory|  p_ZZ12process_dataiPcRN4dune16FDHDChannelMapSPEPiE11adc_vectors_40|         array|
|p_ZZ12process_dataiPcRN4dune16FDHDChannelMapSPEPiE11adc_vectors_40_ce0       |  out|    1|   ap_memory|  p_ZZ12process_dataiPcRN4dune16FDHDChannelMapSPEPiE11adc_vectors_40|         array|
|p_ZZ12process_dataiPcRN4dune16FDHDChannelMapSPEPiE11adc_vectors_40_q0        |   in|   14|   ap_memory|  p_ZZ12process_dataiPcRN4dune16FDHDChannelMapSPEPiE11adc_vectors_40|         array|
|p_ZZ12process_dataiPcRN4dune16FDHDChannelMapSPEPiE11adc_vectors_41_address0  |  out|    9|   ap_memory|  p_ZZ12process_dataiPcRN4dune16FDHDChannelMapSPEPiE11adc_vectors_41|         array|
|p_ZZ12process_dataiPcRN4dune16FDHDChannelMapSPEPiE11adc_vectors_41_ce0       |  out|    1|   ap_memory|  p_ZZ12process_dataiPcRN4dune16FDHDChannelMapSPEPiE11adc_vectors_41|         array|
|p_ZZ12process_dataiPcRN4dune16FDHDChannelMapSPEPiE11adc_vectors_41_q0        |   in|   14|   ap_memory|  p_ZZ12process_dataiPcRN4dune16FDHDChannelMapSPEPiE11adc_vectors_41|         array|
|p_ZZ12process_dataiPcRN4dune16FDHDChannelMapSPEPiE11adc_vectors_42_address0  |  out|    9|   ap_memory|  p_ZZ12process_dataiPcRN4dune16FDHDChannelMapSPEPiE11adc_vectors_42|         array|
|p_ZZ12process_dataiPcRN4dune16FDHDChannelMapSPEPiE11adc_vectors_42_ce0       |  out|    1|   ap_memory|  p_ZZ12process_dataiPcRN4dune16FDHDChannelMapSPEPiE11adc_vectors_42|         array|
|p_ZZ12process_dataiPcRN4dune16FDHDChannelMapSPEPiE11adc_vectors_42_q0        |   in|   14|   ap_memory|  p_ZZ12process_dataiPcRN4dune16FDHDChannelMapSPEPiE11adc_vectors_42|         array|
|p_ZZ12process_dataiPcRN4dune16FDHDChannelMapSPEPiE11adc_vectors_43_address0  |  out|    9|   ap_memory|  p_ZZ12process_dataiPcRN4dune16FDHDChannelMapSPEPiE11adc_vectors_43|         array|
|p_ZZ12process_dataiPcRN4dune16FDHDChannelMapSPEPiE11adc_vectors_43_ce0       |  out|    1|   ap_memory|  p_ZZ12process_dataiPcRN4dune16FDHDChannelMapSPEPiE11adc_vectors_43|         array|
|p_ZZ12process_dataiPcRN4dune16FDHDChannelMapSPEPiE11adc_vectors_43_q0        |   in|   14|   ap_memory|  p_ZZ12process_dataiPcRN4dune16FDHDChannelMapSPEPiE11adc_vectors_43|         array|
|p_ZZ12process_dataiPcRN4dune16FDHDChannelMapSPEPiE11adc_vectors_44_address0  |  out|    9|   ap_memory|  p_ZZ12process_dataiPcRN4dune16FDHDChannelMapSPEPiE11adc_vectors_44|         array|
|p_ZZ12process_dataiPcRN4dune16FDHDChannelMapSPEPiE11adc_vectors_44_ce0       |  out|    1|   ap_memory|  p_ZZ12process_dataiPcRN4dune16FDHDChannelMapSPEPiE11adc_vectors_44|         array|
|p_ZZ12process_dataiPcRN4dune16FDHDChannelMapSPEPiE11adc_vectors_44_q0        |   in|   14|   ap_memory|  p_ZZ12process_dataiPcRN4dune16FDHDChannelMapSPEPiE11adc_vectors_44|         array|
|p_ZZ12process_dataiPcRN4dune16FDHDChannelMapSPEPiE11adc_vectors_45_address0  |  out|    9|   ap_memory|  p_ZZ12process_dataiPcRN4dune16FDHDChannelMapSPEPiE11adc_vectors_45|         array|
|p_ZZ12process_dataiPcRN4dune16FDHDChannelMapSPEPiE11adc_vectors_45_ce0       |  out|    1|   ap_memory|  p_ZZ12process_dataiPcRN4dune16FDHDChannelMapSPEPiE11adc_vectors_45|         array|
|p_ZZ12process_dataiPcRN4dune16FDHDChannelMapSPEPiE11adc_vectors_45_q0        |   in|   14|   ap_memory|  p_ZZ12process_dataiPcRN4dune16FDHDChannelMapSPEPiE11adc_vectors_45|         array|
|p_ZZ12process_dataiPcRN4dune16FDHDChannelMapSPEPiE11adc_vectors_46_address0  |  out|    9|   ap_memory|  p_ZZ12process_dataiPcRN4dune16FDHDChannelMapSPEPiE11adc_vectors_46|         array|
|p_ZZ12process_dataiPcRN4dune16FDHDChannelMapSPEPiE11adc_vectors_46_ce0       |  out|    1|   ap_memory|  p_ZZ12process_dataiPcRN4dune16FDHDChannelMapSPEPiE11adc_vectors_46|         array|
|p_ZZ12process_dataiPcRN4dune16FDHDChannelMapSPEPiE11adc_vectors_46_q0        |   in|   14|   ap_memory|  p_ZZ12process_dataiPcRN4dune16FDHDChannelMapSPEPiE11adc_vectors_46|         array|
|p_ZZ12process_dataiPcRN4dune16FDHDChannelMapSPEPiE11adc_vectors_47_address0  |  out|    9|   ap_memory|  p_ZZ12process_dataiPcRN4dune16FDHDChannelMapSPEPiE11adc_vectors_47|         array|
|p_ZZ12process_dataiPcRN4dune16FDHDChannelMapSPEPiE11adc_vectors_47_ce0       |  out|    1|   ap_memory|  p_ZZ12process_dataiPcRN4dune16FDHDChannelMapSPEPiE11adc_vectors_47|         array|
|p_ZZ12process_dataiPcRN4dune16FDHDChannelMapSPEPiE11adc_vectors_47_q0        |   in|   14|   ap_memory|  p_ZZ12process_dataiPcRN4dune16FDHDChannelMapSPEPiE11adc_vectors_47|         array|
|p_ZZ12process_dataiPcRN4dune16FDHDChannelMapSPEPiE11adc_vectors_48_address0  |  out|    9|   ap_memory|  p_ZZ12process_dataiPcRN4dune16FDHDChannelMapSPEPiE11adc_vectors_48|         array|
|p_ZZ12process_dataiPcRN4dune16FDHDChannelMapSPEPiE11adc_vectors_48_ce0       |  out|    1|   ap_memory|  p_ZZ12process_dataiPcRN4dune16FDHDChannelMapSPEPiE11adc_vectors_48|         array|
|p_ZZ12process_dataiPcRN4dune16FDHDChannelMapSPEPiE11adc_vectors_48_q0        |   in|   14|   ap_memory|  p_ZZ12process_dataiPcRN4dune16FDHDChannelMapSPEPiE11adc_vectors_48|         array|
|p_ZZ12process_dataiPcRN4dune16FDHDChannelMapSPEPiE11adc_vectors_49_address0  |  out|    9|   ap_memory|  p_ZZ12process_dataiPcRN4dune16FDHDChannelMapSPEPiE11adc_vectors_49|         array|
|p_ZZ12process_dataiPcRN4dune16FDHDChannelMapSPEPiE11adc_vectors_49_ce0       |  out|    1|   ap_memory|  p_ZZ12process_dataiPcRN4dune16FDHDChannelMapSPEPiE11adc_vectors_49|         array|
|p_ZZ12process_dataiPcRN4dune16FDHDChannelMapSPEPiE11adc_vectors_49_q0        |   in|   14|   ap_memory|  p_ZZ12process_dataiPcRN4dune16FDHDChannelMapSPEPiE11adc_vectors_49|         array|
|adc_vectors2_address0                                                        |  out|   15|   ap_memory|                                                        adc_vectors2|         array|
|adc_vectors2_ce0                                                             |  out|    1|   ap_memory|                                                        adc_vectors2|         array|
|adc_vectors2_q0                                                              |   in|   14|   ap_memory|                                                        adc_vectors2|         array|
|adc_vectors3_address0                                                        |  out|   15|   ap_memory|                                                        adc_vectors3|         array|
|adc_vectors3_ce0                                                             |  out|    1|   ap_memory|                                                        adc_vectors3|         array|
|adc_vectors3_q0                                                              |   in|   14|   ap_memory|                                                        adc_vectors3|         array|
|adc_vectors4_address0                                                        |  out|   15|   ap_memory|                                                        adc_vectors4|         array|
|adc_vectors4_ce0                                                             |  out|    1|   ap_memory|                                                        adc_vectors4|         array|
|adc_vectors4_q0                                                              |   in|   14|   ap_memory|                                                        adc_vectors4|         array|
|adc_vectors5_address0                                                        |  out|   15|   ap_memory|                                                        adc_vectors5|         array|
|adc_vectors5_ce0                                                             |  out|    1|   ap_memory|                                                        adc_vectors5|         array|
|adc_vectors5_q0                                                              |   in|   14|   ap_memory|                                                        adc_vectors5|         array|
|adc_vectors6_address0                                                        |  out|   15|   ap_memory|                                                        adc_vectors6|         array|
|adc_vectors6_ce0                                                             |  out|    1|   ap_memory|                                                        adc_vectors6|         array|
|adc_vectors6_q0                                                              |   in|   14|   ap_memory|                                                        adc_vectors6|         array|
|adc_vectors7_address0                                                        |  out|   15|   ap_memory|                                                        adc_vectors7|         array|
|adc_vectors7_ce0                                                             |  out|    1|   ap_memory|                                                        adc_vectors7|         array|
|adc_vectors7_q0                                                              |   in|   14|   ap_memory|                                                        adc_vectors7|         array|
|adc_vectors8_address0                                                        |  out|   15|   ap_memory|                                                        adc_vectors8|         array|
|adc_vectors8_ce0                                                             |  out|    1|   ap_memory|                                                        adc_vectors8|         array|
|adc_vectors8_q0                                                              |   in|   14|   ap_memory|                                                        adc_vectors8|         array|
|adc_vectors9_address0                                                        |  out|   15|   ap_memory|                                                        adc_vectors9|         array|
|adc_vectors9_ce0                                                             |  out|    1|   ap_memory|                                                        adc_vectors9|         array|
|adc_vectors9_q0                                                              |   in|   14|   ap_memory|                                                        adc_vectors9|         array|
|adc_vectors10_address0                                                       |  out|   15|   ap_memory|                                                       adc_vectors10|         array|
|adc_vectors10_ce0                                                            |  out|    1|   ap_memory|                                                       adc_vectors10|         array|
|adc_vectors10_q0                                                             |   in|   14|   ap_memory|                                                       adc_vectors10|         array|
|adc_vectors11_address0                                                       |  out|   15|   ap_memory|                                                       adc_vectors11|         array|
|adc_vectors11_ce0                                                            |  out|    1|   ap_memory|                                                       adc_vectors11|         array|
|adc_vectors11_q0                                                             |   in|   14|   ap_memory|                                                       adc_vectors11|         array|
|adc_vectors12_address0                                                       |  out|   15|   ap_memory|                                                       adc_vectors12|         array|
|adc_vectors12_ce0                                                            |  out|    1|   ap_memory|                                                       adc_vectors12|         array|
|adc_vectors12_q0                                                             |   in|   14|   ap_memory|                                                       adc_vectors12|         array|
|adc_vectors13_address0                                                       |  out|   15|   ap_memory|                                                       adc_vectors13|         array|
|adc_vectors13_ce0                                                            |  out|    1|   ap_memory|                                                       adc_vectors13|         array|
|adc_vectors13_q0                                                             |   in|   14|   ap_memory|                                                       adc_vectors13|         array|
|adc_vectors14_address0                                                       |  out|   15|   ap_memory|                                                       adc_vectors14|         array|
|adc_vectors14_ce0                                                            |  out|    1|   ap_memory|                                                       adc_vectors14|         array|
|adc_vectors14_q0                                                             |   in|   14|   ap_memory|                                                       adc_vectors14|         array|
|adc_vectors15_address0                                                       |  out|   15|   ap_memory|                                                       adc_vectors15|         array|
|adc_vectors15_ce0                                                            |  out|    1|   ap_memory|                                                       adc_vectors15|         array|
|adc_vectors15_q0                                                             |   in|   14|   ap_memory|                                                       adc_vectors15|         array|
|adc_vectors16_address0                                                       |  out|   15|   ap_memory|                                                       adc_vectors16|         array|
|adc_vectors16_ce0                                                            |  out|    1|   ap_memory|                                                       adc_vectors16|         array|
|adc_vectors16_q0                                                             |   in|   14|   ap_memory|                                                       adc_vectors16|         array|
|adc_vectors17_address0                                                       |  out|   15|   ap_memory|                                                       adc_vectors17|         array|
|adc_vectors17_ce0                                                            |  out|    1|   ap_memory|                                                       adc_vectors17|         array|
|adc_vectors17_q0                                                             |   in|   14|   ap_memory|                                                       adc_vectors17|         array|
|adc_vectors18_address0                                                       |  out|   15|   ap_memory|                                                       adc_vectors18|         array|
|adc_vectors18_ce0                                                            |  out|    1|   ap_memory|                                                       adc_vectors18|         array|
|adc_vectors18_q0                                                             |   in|   14|   ap_memory|                                                       adc_vectors18|         array|
|adc_vectors19_address0                                                       |  out|   15|   ap_memory|                                                       adc_vectors19|         array|
|adc_vectors19_ce0                                                            |  out|    1|   ap_memory|                                                       adc_vectors19|         array|
|adc_vectors19_q0                                                             |   in|   14|   ap_memory|                                                       adc_vectors19|         array|
|adc_vectors20_address0                                                       |  out|   15|   ap_memory|                                                       adc_vectors20|         array|
|adc_vectors20_ce0                                                            |  out|    1|   ap_memory|                                                       adc_vectors20|         array|
|adc_vectors20_q0                                                             |   in|   14|   ap_memory|                                                       adc_vectors20|         array|
|adc_vectors21_address0                                                       |  out|   15|   ap_memory|                                                       adc_vectors21|         array|
|adc_vectors21_ce0                                                            |  out|    1|   ap_memory|                                                       adc_vectors21|         array|
|adc_vectors21_q0                                                             |   in|   14|   ap_memory|                                                       adc_vectors21|         array|
|adc_vectors22_address0                                                       |  out|   15|   ap_memory|                                                       adc_vectors22|         array|
|adc_vectors22_ce0                                                            |  out|    1|   ap_memory|                                                       adc_vectors22|         array|
|adc_vectors22_q0                                                             |   in|   14|   ap_memory|                                                       adc_vectors22|         array|
|adc_vectors23_address0                                                       |  out|   15|   ap_memory|                                                       adc_vectors23|         array|
|adc_vectors23_ce0                                                            |  out|    1|   ap_memory|                                                       adc_vectors23|         array|
|adc_vectors23_q0                                                             |   in|   14|   ap_memory|                                                       adc_vectors23|         array|
|adc_vectors24_address0                                                       |  out|   15|   ap_memory|                                                       adc_vectors24|         array|
|adc_vectors24_ce0                                                            |  out|    1|   ap_memory|                                                       adc_vectors24|         array|
|adc_vectors24_q0                                                             |   in|   14|   ap_memory|                                                       adc_vectors24|         array|
|adc_vectors25_address0                                                       |  out|   15|   ap_memory|                                                       adc_vectors25|         array|
|adc_vectors25_ce0                                                            |  out|    1|   ap_memory|                                                       adc_vectors25|         array|
|adc_vectors25_q0                                                             |   in|   14|   ap_memory|                                                       adc_vectors25|         array|
|adc_vectors26_address0                                                       |  out|   15|   ap_memory|                                                       adc_vectors26|         array|
|adc_vectors26_ce0                                                            |  out|    1|   ap_memory|                                                       adc_vectors26|         array|
|adc_vectors26_q0                                                             |   in|   14|   ap_memory|                                                       adc_vectors26|         array|
|adc_vectors27_address0                                                       |  out|   15|   ap_memory|                                                       adc_vectors27|         array|
|adc_vectors27_ce0                                                            |  out|    1|   ap_memory|                                                       adc_vectors27|         array|
|adc_vectors27_q0                                                             |   in|   14|   ap_memory|                                                       adc_vectors27|         array|
|adc_vectors28_address0                                                       |  out|   15|   ap_memory|                                                       adc_vectors28|         array|
|adc_vectors28_ce0                                                            |  out|    1|   ap_memory|                                                       adc_vectors28|         array|
|adc_vectors28_q0                                                             |   in|   14|   ap_memory|                                                       adc_vectors28|         array|
|adc_vectors29_address0                                                       |  out|   15|   ap_memory|                                                       adc_vectors29|         array|
|adc_vectors29_ce0                                                            |  out|    1|   ap_memory|                                                       adc_vectors29|         array|
|adc_vectors29_q0                                                             |   in|   14|   ap_memory|                                                       adc_vectors29|         array|
|adc_vectors30_address0                                                       |  out|   15|   ap_memory|                                                       adc_vectors30|         array|
|adc_vectors30_ce0                                                            |  out|    1|   ap_memory|                                                       adc_vectors30|         array|
|adc_vectors30_q0                                                             |   in|   14|   ap_memory|                                                       adc_vectors30|         array|
|adc_vectors31_address0                                                       |  out|   15|   ap_memory|                                                       adc_vectors31|         array|
|adc_vectors31_ce0                                                            |  out|    1|   ap_memory|                                                       adc_vectors31|         array|
|adc_vectors31_q0                                                             |   in|   14|   ap_memory|                                                       adc_vectors31|         array|
|adc_vectors32_address0                                                       |  out|   15|   ap_memory|                                                       adc_vectors32|         array|
|adc_vectors32_ce0                                                            |  out|    1|   ap_memory|                                                       adc_vectors32|         array|
|adc_vectors32_q0                                                             |   in|   14|   ap_memory|                                                       adc_vectors32|         array|
|adc_vectors33_address0                                                       |  out|   15|   ap_memory|                                                       adc_vectors33|         array|
|adc_vectors33_ce0                                                            |  out|    1|   ap_memory|                                                       adc_vectors33|         array|
|adc_vectors33_q0                                                             |   in|   14|   ap_memory|                                                       adc_vectors33|         array|
|adc_vectors34_address0                                                       |  out|   15|   ap_memory|                                                       adc_vectors34|         array|
|adc_vectors34_ce0                                                            |  out|    1|   ap_memory|                                                       adc_vectors34|         array|
|adc_vectors34_q0                                                             |   in|   14|   ap_memory|                                                       adc_vectors34|         array|
|adc_vectors35_address0                                                       |  out|   15|   ap_memory|                                                       adc_vectors35|         array|
|adc_vectors35_ce0                                                            |  out|    1|   ap_memory|                                                       adc_vectors35|         array|
|adc_vectors35_q0                                                             |   in|   14|   ap_memory|                                                       adc_vectors35|         array|
|adc_vectors36_address0                                                       |  out|   15|   ap_memory|                                                       adc_vectors36|         array|
|adc_vectors36_ce0                                                            |  out|    1|   ap_memory|                                                       adc_vectors36|         array|
|adc_vectors36_q0                                                             |   in|   14|   ap_memory|                                                       adc_vectors36|         array|
|adc_vectors37_address0                                                       |  out|   15|   ap_memory|                                                       adc_vectors37|         array|
|adc_vectors37_ce0                                                            |  out|    1|   ap_memory|                                                       adc_vectors37|         array|
|adc_vectors37_q0                                                             |   in|   14|   ap_memory|                                                       adc_vectors37|         array|
|adc_vectors38_address0                                                       |  out|   15|   ap_memory|                                                       adc_vectors38|         array|
|adc_vectors38_ce0                                                            |  out|    1|   ap_memory|                                                       adc_vectors38|         array|
|adc_vectors38_q0                                                             |   in|   14|   ap_memory|                                                       adc_vectors38|         array|
|adc_vectors39_address0                                                       |  out|   15|   ap_memory|                                                       adc_vectors39|         array|
|adc_vectors39_ce0                                                            |  out|    1|   ap_memory|                                                       adc_vectors39|         array|
|adc_vectors39_q0                                                             |   in|   14|   ap_memory|                                                       adc_vectors39|         array|
|adc_vectors40_address0                                                       |  out|   15|   ap_memory|                                                       adc_vectors40|         array|
|adc_vectors40_ce0                                                            |  out|    1|   ap_memory|                                                       adc_vectors40|         array|
|adc_vectors40_q0                                                             |   in|   14|   ap_memory|                                                       adc_vectors40|         array|
|adc_vectors41_address0                                                       |  out|   15|   ap_memory|                                                       adc_vectors41|         array|
|adc_vectors41_ce0                                                            |  out|    1|   ap_memory|                                                       adc_vectors41|         array|
|adc_vectors41_q0                                                             |   in|   14|   ap_memory|                                                       adc_vectors41|         array|
|adc_vectors42_address0                                                       |  out|   15|   ap_memory|                                                       adc_vectors42|         array|
|adc_vectors42_ce0                                                            |  out|    1|   ap_memory|                                                       adc_vectors42|         array|
|adc_vectors42_q0                                                             |   in|   14|   ap_memory|                                                       adc_vectors42|         array|
|adc_vectors43_address0                                                       |  out|   15|   ap_memory|                                                       adc_vectors43|         array|
|adc_vectors43_ce0                                                            |  out|    1|   ap_memory|                                                       adc_vectors43|         array|
|adc_vectors43_q0                                                             |   in|   14|   ap_memory|                                                       adc_vectors43|         array|
|adc_vectors44_address0                                                       |  out|   15|   ap_memory|                                                       adc_vectors44|         array|
|adc_vectors44_ce0                                                            |  out|    1|   ap_memory|                                                       adc_vectors44|         array|
|adc_vectors44_q0                                                             |   in|   14|   ap_memory|                                                       adc_vectors44|         array|
|adc_vectors45_address0                                                       |  out|   15|   ap_memory|                                                       adc_vectors45|         array|
|adc_vectors45_ce0                                                            |  out|    1|   ap_memory|                                                       adc_vectors45|         array|
|adc_vectors45_q0                                                             |   in|   14|   ap_memory|                                                       adc_vectors45|         array|
|adc_vectors46_address0                                                       |  out|   15|   ap_memory|                                                       adc_vectors46|         array|
|adc_vectors46_ce0                                                            |  out|    1|   ap_memory|                                                       adc_vectors46|         array|
|adc_vectors46_q0                                                             |   in|   14|   ap_memory|                                                       adc_vectors46|         array|
|adc_vectors47_address0                                                       |  out|   15|   ap_memory|                                                       adc_vectors47|         array|
|adc_vectors47_ce0                                                            |  out|    1|   ap_memory|                                                       adc_vectors47|         array|
|adc_vectors47_q0                                                             |   in|   14|   ap_memory|                                                       adc_vectors47|         array|
|adc_vectors48_address0                                                       |  out|   15|   ap_memory|                                                       adc_vectors48|         array|
|adc_vectors48_ce0                                                            |  out|    1|   ap_memory|                                                       adc_vectors48|         array|
|adc_vectors48_q0                                                             |   in|   14|   ap_memory|                                                       adc_vectors48|         array|
|adc_vectors49_address0                                                       |  out|   15|   ap_memory|                                                       adc_vectors49|         array|
|adc_vectors49_ce0                                                            |  out|    1|   ap_memory|                                                       adc_vectors49|         array|
|adc_vectors49_q0                                                             |   in|   14|   ap_memory|                                                       adc_vectors49|         array|
|adc_vectors50_address0                                                       |  out|   15|   ap_memory|                                                       adc_vectors50|         array|
|adc_vectors50_ce0                                                            |  out|    1|   ap_memory|                                                       adc_vectors50|         array|
|adc_vectors50_q0                                                             |   in|   14|   ap_memory|                                                       adc_vectors50|         array|
|adc_vectors51_address0                                                       |  out|   15|   ap_memory|                                                       adc_vectors51|         array|
|adc_vectors51_ce0                                                            |  out|    1|   ap_memory|                                                       adc_vectors51|         array|
|adc_vectors51_q0                                                             |   in|   14|   ap_memory|                                                       adc_vectors51|         array|
|adc_vectors52_address0                                                       |  out|   15|   ap_memory|                                                       adc_vectors52|         array|
|adc_vectors52_ce0                                                            |  out|    1|   ap_memory|                                                       adc_vectors52|         array|
|adc_vectors52_q0                                                             |   in|   14|   ap_memory|                                                       adc_vectors52|         array|
|adc_vectors53_address0                                                       |  out|   15|   ap_memory|                                                       adc_vectors53|         array|
|adc_vectors53_ce0                                                            |  out|    1|   ap_memory|                                                       adc_vectors53|         array|
|adc_vectors53_q0                                                             |   in|   14|   ap_memory|                                                       adc_vectors53|         array|
|adc_vectors54_address0                                                       |  out|   15|   ap_memory|                                                       adc_vectors54|         array|
|adc_vectors54_ce0                                                            |  out|    1|   ap_memory|                                                       adc_vectors54|         array|
|adc_vectors54_q0                                                             |   in|   14|   ap_memory|                                                       adc_vectors54|         array|
|adc_vectors55_address0                                                       |  out|   15|   ap_memory|                                                       adc_vectors55|         array|
|adc_vectors55_ce0                                                            |  out|    1|   ap_memory|                                                       adc_vectors55|         array|
|adc_vectors55_q0                                                             |   in|   14|   ap_memory|                                                       adc_vectors55|         array|
|adc_vectors56_address0                                                       |  out|   15|   ap_memory|                                                       adc_vectors56|         array|
|adc_vectors56_ce0                                                            |  out|    1|   ap_memory|                                                       adc_vectors56|         array|
|adc_vectors56_q0                                                             |   in|   14|   ap_memory|                                                       adc_vectors56|         array|
|adc_vectors57_address0                                                       |  out|   15|   ap_memory|                                                       adc_vectors57|         array|
|adc_vectors57_ce0                                                            |  out|    1|   ap_memory|                                                       adc_vectors57|         array|
|adc_vectors57_q0                                                             |   in|   14|   ap_memory|                                                       adc_vectors57|         array|
|adc_vectors58_address0                                                       |  out|   15|   ap_memory|                                                       adc_vectors58|         array|
|adc_vectors58_ce0                                                            |  out|    1|   ap_memory|                                                       adc_vectors58|         array|
|adc_vectors58_q0                                                             |   in|   14|   ap_memory|                                                       adc_vectors58|         array|
|adc_vectors59_address0                                                       |  out|   15|   ap_memory|                                                       adc_vectors59|         array|
|adc_vectors59_ce0                                                            |  out|    1|   ap_memory|                                                       adc_vectors59|         array|
|adc_vectors59_q0                                                             |   in|   14|   ap_memory|                                                       adc_vectors59|         array|
|adc_vectors60_address0                                                       |  out|   15|   ap_memory|                                                       adc_vectors60|         array|
|adc_vectors60_ce0                                                            |  out|    1|   ap_memory|                                                       adc_vectors60|         array|
|adc_vectors60_q0                                                             |   in|   14|   ap_memory|                                                       adc_vectors60|         array|
+-----------------------------------------------------------------------------+-----+-----+------------+--------------------------------------------------------------------+--------------+

