

================================================================
== Vitis HLS Report for 'softmax_stable_array_array_ap_fixed_16_6_5_3_0_3u_softmax_config19_s'
================================================================
* Date:           Tue Aug  8 12:28:28 2023

* Version:        2023.1 (Build 3854077 on May  4 2023)
* Project:        processapa
* Solution:       solution1 (Vitis Kernel Flow Target)
* Product family: virtexuplus
* Target device:  xcvu11p-flga2577-1-e


================================================================
== Performance Estimates
================================================================
+ Timing: 
    * Summary: 
    +--------+----------+----------+------------+
    |  Clock |  Target  | Estimated| Uncertainty|
    +--------+----------+----------+------------+
    |ap_clk  |  10.00 ns|  6.427 ns|     2.70 ns|
    +--------+----------+----------+------------+

+ Latency: 
    * Summary: 
    +---------+---------+-----------+-----------+-----+-----+---------+
    |  Latency (cycles) |   Latency (absolute)  |  Interval | Pipeline|
    |   min   |   max   |    min    |    max    | min | max |   Type  |
    +---------+---------+-----------+-----------+-----+-----+---------+
    |        5|        5|  50.000 ns|  50.000 ns|    5|    5|       no|
    +---------+---------+-----------+-----------+-----+-----+---------+

    + Detail: 
        * Instance: 
        N/A

        * Loop: 
        N/A



================================================================
== Utilization Estimates
================================================================
* Summary: 
+---------------------+---------+------+---------+---------+-----+
|         Name        | BRAM_18K|  DSP |    FF   |   LUT   | URAM|
+---------------------+---------+------+---------+---------+-----+
|DSP                  |        -|     -|        -|        -|    -|
|Expression           |        -|     -|        0|      338|    -|
|FIFO                 |        -|     -|        -|        -|    -|
|Instance             |        -|     1|        0|        5|    -|
|Memory               |        3|     -|        0|        0|    -|
|Multiplexer          |        -|     -|        -|       89|    -|
|Register             |        -|     -|      145|        -|    -|
+---------------------+---------+------+---------+---------+-----+
|Total                |        3|     1|      145|      432|    0|
+---------------------+---------+------+---------+---------+-----+
|Available SLR        |     1344|  3072|   864000|   432000|  320|
+---------------------+---------+------+---------+---------+-----+
|Utilization SLR (%)  |       ~0|    ~0|       ~0|       ~0|    0|
+---------------------+---------+------+---------+---------+-----+
|Available            |     4032|  9216|  2592000|  1296000|  960|
+---------------------+---------+------+---------+---------+-----+
|Utilization (%)      |       ~0|    ~0|       ~0|       ~0|    0|
+---------------------+---------+------+---------+---------+-----+

+ Detail: 
    * Instance: 
    +---------------------------+---------------------+---------+----+---+----+-----+
    |          Instance         |        Module       | BRAM_18K| DSP| FF| LUT| URAM|
    +---------------------------+---------------------+---------+----+---+----+-----+
    |mul_18s_17ns_26_1_1_U5054  |mul_18s_17ns_26_1_1  |        0|   1|  0|   5|    0|
    +---------------------------+---------------------+---------+----+---+----+-----+
    |Total                      |                     |        0|   1|  0|   5|    0|
    +---------------------------+---------------------+---------+----+---+----+-----+

    * DSP: 
    N/A

    * Memory: 
    +----------------+----------------------------------------------------------------------------------+---------+---+----+-----+------+-----+------+-------------+
    |     Memory     |                                      Module                                      | BRAM_18K| FF| LUT| URAM| Words| Bits| Banks| W*Bits*Banks|
    +----------------+----------------------------------------------------------------------------------+---------+---+----+-----+------+-----+------+-------------+
    |exp_table_U     |softmax_stable_array_array_ap_fixed_16_6_5_3_0_3u_softmax_config19_s_exp_tabljLb  |        2|  0|   0|    0|  1024|   17|     1|        17408|
    |invert_table_U  |softmax_stable_array_array_ap_fixed_16_6_5_3_0_3u_softmax_config19_s_invert_tjMb  |        1|  0|   0|    0|  1024|   18|     1|        18432|
    +----------------+----------------------------------------------------------------------------------+---------+---+----+-----+------+-----+------+-------------+
    |Total           |                                                                                  |        3|  0|   0|    0|  2048|   35|     2|        35840|
    +----------------+----------------------------------------------------------------------------------+---------+---+----+-----+------+-----+------+-------------+

    * FIFO: 
    N/A

    * Expression: 
    +--------------------------+----------+----+---+----+------------+------------+
    |       Variable Name      | Operation| DSP| FF| LUT| Bitwidth P0| Bitwidth P1|
    +--------------------------+----------+----+---+----+------------+------------+
    |add_ln50_1_fu_506_p2      |         +|   0|  0|  25|          18|          18|
    |add_ln50_2_fu_480_p2      |         +|   0|  0|  24|          17|          17|
    |add_ln50_fu_474_p2        |         +|   0|  0|  25|          18|          18|
    |sub_ln215_1_fu_288_p2     |         -|   0|  0|  24|          17|          17|
    |sub_ln215_2_fu_332_p2     |         -|   0|  0|  24|          17|          17|
    |sub_ln215_fu_244_p2       |         -|   0|  0|  24|          17|          17|
    |and_ln215_1_fu_316_p2     |       and|   0|  0|   2|           1|           1|
    |and_ln215_2_fu_360_p2     |       and|   0|  0|   2|           1|           1|
    |and_ln215_fu_272_p2       |       and|   0|  0|   2|           1|           1|
    |icmp_ln65_1_fu_216_p2     |      icmp|   0|  0|  23|          16|          16|
    |icmp_ln65_fu_196_p2       |      icmp|   0|  0|  23|          16|          16|
    |ap_block_state1           |        or|   0|  0|   2|           1|           1|
    |select_ln215_1_fu_390_p3  |    select|   0|  0|  10|           1|          10|
    |select_ln215_2_fu_398_p3  |    select|   0|  0|  11|           1|           9|
    |select_ln215_3_fu_416_p3  |    select|   0|  0|  10|           1|          10|
    |select_ln215_4_fu_424_p3  |    select|   0|  0|  11|           1|           9|
    |select_ln215_5_fu_442_p3  |    select|   0|  0|  10|           1|          10|
    |select_ln215_fu_372_p3    |    select|   0|  0|  11|           1|           9|
    |select_ln50_1_fu_530_p3   |    select|   0|  0|  10|           1|           9|
    |select_ln50_fu_494_p3     |    select|   0|  0|  17|           1|           2|
    |select_ln65_fu_208_p3     |    select|   0|  0|  16|           1|          16|
    |x_max_fu_228_p3           |    select|   0|  0|  16|           1|          16|
    |xor_ln215_1_fu_278_p2     |       xor|   0|  0|   2|           1|           1|
    |xor_ln215_2_fu_310_p2     |       xor|   0|  0|   2|           1|           2|
    |xor_ln215_3_fu_322_p2     |       xor|   0|  0|   2|           1|           1|
    |xor_ln215_4_fu_354_p2     |       xor|   0|  0|   2|           1|           2|
    |xor_ln215_5_fu_366_p2     |       xor|   0|  0|   2|           1|           1|
    |xor_ln215_fu_266_p2       |       xor|   0|  0|   2|           1|           2|
    |xor_ln65_1_fu_222_p2      |       xor|   0|  0|   2|           1|           2|
    |xor_ln65_fu_202_p2        |       xor|   0|  0|   2|           1|           2|
    +--------------------------+----------+----+---+----+------------+------------+
    |Total                     |          |   0|  0| 338|         158|         253|
    +--------------------------+----------+----+---+----+------------+------------+

    * Multiplexer: 
    +-------------------+----+-----------+-----+-----------+
    |        Name       | LUT| Input Size| Bits| Total Bits|
    +-------------------+----+-----------+-----+-----------+
    |ap_NS_fsm          |  37|          7|    1|          7|
    |grp_fu_145_p0      |  14|          3|   18|         54|
    |grp_fu_145_p1      |  20|          4|   17|         68|
    |layer18_out_blk_n  |   9|          2|    1|          2|
    |layer19_out_blk_n  |   9|          2|    1|          2|
    +-------------------+----+-----------+-----+-----------+
    |Total              |  89|         18|   38|        133|
    +-------------------+----+-----------+-----+-----------+

    * Register: 
    +--------------------------+----+----+-----+-----------+
    |           Name           | FF | LUT| Bits| Const Bits|
    +--------------------------+----+----+-----+-----------+
    |ap_CS_fsm                 |   6|   0|    6|          0|
    |exp_table_load_1_reg_604  |  17|   0|   17|          0|
    |exp_table_load_2_reg_609  |  17|   0|   17|          0|
    |exp_table_load_reg_599    |  17|   0|   17|          0|
    |select_ln215_1_reg_569    |  10|   0|   10|          0|
    |select_ln215_3_reg_574    |  10|   0|   10|          0|
    |select_ln215_5_reg_579    |  10|   0|   10|          0|
    |sext_ln244_reg_619        |  26|   0|   26|          0|
    |trunc_ln244_1_reg_629     |  16|   0|   16|          0|
    |trunc_ln2_reg_624         |  16|   0|   16|          0|
    +--------------------------+----+----+-----+-----------+
    |Total                     | 145|   0|  145|          0|
    +--------------------------+----+----+-----+-----------+



================================================================
== Interface
================================================================
* Summary: 
+----------------------------+-----+-----+------------+-----------------------------------------------------------------------+--------------+
|          RTL Ports         | Dir | Bits|  Protocol  |                             Source Object                             |    C Type    |
+----------------------------+-----+-----+------------+-----------------------------------------------------------------------+--------------+
|ap_clk                      |   in|    1|  ap_ctrl_hs|  softmax_stable<array,array<ap_fixed<16,6,5,3,0>,3u>,softmax_config19>|  return value|
|ap_rst                      |   in|    1|  ap_ctrl_hs|  softmax_stable<array,array<ap_fixed<16,6,5,3,0>,3u>,softmax_config19>|  return value|
|ap_start                    |   in|    1|  ap_ctrl_hs|  softmax_stable<array,array<ap_fixed<16,6,5,3,0>,3u>,softmax_config19>|  return value|
|ap_done                     |  out|    1|  ap_ctrl_hs|  softmax_stable<array,array<ap_fixed<16,6,5,3,0>,3u>,softmax_config19>|  return value|
|ap_idle                     |  out|    1|  ap_ctrl_hs|  softmax_stable<array,array<ap_fixed<16,6,5,3,0>,3u>,softmax_config19>|  return value|
|ap_ready                    |  out|    1|  ap_ctrl_hs|  softmax_stable<array,array<ap_fixed<16,6,5,3,0>,3u>,softmax_config19>|  return value|
|layer18_out_dout            |   in|   48|     ap_fifo|                                                            layer18_out|       pointer|
|layer18_out_num_data_valid  |   in|    2|     ap_fifo|                                                            layer18_out|       pointer|
|layer18_out_fifo_cap        |   in|    2|     ap_fifo|                                                            layer18_out|       pointer|
|layer18_out_empty_n         |   in|    1|     ap_fifo|                                                            layer18_out|       pointer|
|layer18_out_read            |  out|    1|     ap_fifo|                                                            layer18_out|       pointer|
|layer19_out_din             |  out|   48|     ap_fifo|                                                            layer19_out|       pointer|
|layer19_out_full_n          |   in|    1|     ap_fifo|                                                            layer19_out|       pointer|
|layer19_out_write           |  out|    1|     ap_fifo|                                                            layer19_out|       pointer|
+----------------------------+-----+-----+------------+-----------------------------------------------------------------------+--------------+

